[0.015s] Invoking command in '/home/islam/source_code/pipe_swarm/ros_ws/build/pipe_swarm': CMAKE_PREFIX_PATH=${CMAKE_PREFIX_PATH}:/home/islam/source_code/ros_ws/install/urdf_tutorial_r2d2:/opt/ros/humble /usr/bin/cmake /home/islam/source_code/pipe_swarm/ros_ws/src/pipe_swarm -DCMAKE_INSTALL_PREFIX=/home/islam/source_code/pipe_swarm/ros_ws/install/pipe_swarm
[0.030s] -- Found ament_cmake: 1.3.10 (/opt/ros/humble/share/ament_cmake/cmake)
[0.144s] -- Override CMake install command with custom implementation using symlinks instead of copying resources
[0.150s] -- Found rclpy: 3.3.14 (/opt/ros/humble/share/rclpy/cmake)
[0.150s] -- Found rclcpp: 16.0.10 (/opt/ros/humble/share/rclcpp/cmake)
[0.523s] -- Found rosidl_generator_c: 3.1.5 (/opt/ros/humble/share/rosidl_generator_c/cmake)
[0.526s] -- Found rosidl_adapter: 3.1.5 (/opt/ros/humble/share/rosidl_adapter/cmake)
[0.534s] -- Found rosidl_generator_cpp: 3.1.5 (/opt/ros/humble/share/rosidl_generator_cpp/cmake)
[0.544s] -- Using all available rosidl_typesupport_c: rosidl_typesupport_fastrtps_c;rosidl_typesupport_introspection_c
[0.557s] -- Using all available rosidl_typesupport_cpp: rosidl_typesupport_fastrtps_cpp;rosidl_typesupport_introspection_cpp
[0.601s] -- Found rmw_implementation_cmake: 6.1.2 (/opt/ros/humble/share/rmw_implementation_cmake/cmake)
[0.604s] -- Found rmw_fastrtps_cpp: 6.2.7 (/opt/ros/humble/share/rmw_fastrtps_cpp/cmake)
[15.142s] -- Using RMW implementation 'rmw_fastrtps_cpp' as default
[15.332s] -- Configuring done
[15.338s] -- Generating done
[15.341s] -- Build files have been written to: /home/islam/source_code/pipe_swarm/ros_ws/build/pipe_swarm
[15.351s] Invoked command in '/home/islam/source_code/pipe_swarm/ros_ws/build/pipe_swarm' returned '0': CMAKE_PREFIX_PATH=${CMAKE_PREFIX_PATH}:/home/islam/source_code/ros_ws/install/urdf_tutorial_r2d2:/opt/ros/humble /usr/bin/cmake /home/islam/source_code/pipe_swarm/ros_ws/src/pipe_swarm -DCMAKE_INSTALL_PREFIX=/home/islam/source_code/pipe_swarm/ros_ws/install/pipe_swarm
[15.353s] Invoking command in '/home/islam/source_code/pipe_swarm/ros_ws/build/pipe_swarm': CMAKE_PREFIX_PATH=${CMAKE_PREFIX_PATH}:/home/islam/source_code/ros_ws/install/urdf_tutorial_r2d2:/opt/ros/humble /usr/bin/cmake --build /home/islam/source_code/pipe_swarm/ros_ws/build/pipe_swarm -- -j8 -l8
[15.413s] Built target ament_cmake_python_symlink_pipe_swarm
[15.691s] running egg_info
[15.692s] writing pipe_swarm.egg-info/PKG-INFO
[15.692s] writing dependency_links to pipe_swarm.egg-info/dependency_links.txt
[15.692s] writing top-level names to pipe_swarm.egg-info/top_level.txt
[15.694s] reading manifest file 'pipe_swarm.egg-info/SOURCES.txt'
[15.695s] writing manifest file 'pipe_swarm.egg-info/SOURCES.txt'
[15.720s] Built target ament_cmake_python_build_pipe_swarm_egg
[15.730s] Invoked command in '/home/islam/source_code/pipe_swarm/ros_ws/build/pipe_swarm' returned '0': CMAKE_PREFIX_PATH=${CMAKE_PREFIX_PATH}:/home/islam/source_code/ros_ws/install/urdf_tutorial_r2d2:/opt/ros/humble /usr/bin/cmake --build /home/islam/source_code/pipe_swarm/ros_ws/build/pipe_swarm -- -j8 -l8
[15.741s] Invoking command in '/home/islam/source_code/pipe_swarm/ros_ws/build/pipe_swarm': CMAKE_PREFIX_PATH=${CMAKE_PREFIX_PATH}:/home/islam/source_code/ros_ws/install/urdf_tutorial_r2d2:/opt/ros/humble /usr/bin/cmake --install /home/islam/source_code/pipe_swarm/ros_ws/build/pipe_swarm
[15.746s] -- Install configuration: ""
[15.747s] -- Execute custom install script
[15.747s] -- Up-to-date symlink: /home/islam/source_code/pipe_swarm/ros_ws/install/pipe_swarm/share/pipe_swarm//urdf/camera.xacro
[15.747s] -- Up-to-date symlink: /home/islam/source_code/pipe_swarm/ros_ws/install/pipe_swarm/share/pipe_swarm//urdf/common.xacro
[15.748s] -- Up-to-date symlink: /home/islam/source_code/pipe_swarm/ros_ws/install/pipe_swarm/share/pipe_swarm//urdf/mobile_base.xacro
[15.748s] -- Up-to-date symlink: /home/islam/source_code/pipe_swarm/ros_ws/install/pipe_swarm/share/pipe_swarm//urdf/pipe_robot.urdf.xacro
[15.748s] -- Up-to-date symlink: /home/islam/source_code/pipe_swarm/ros_ws/install/pipe_swarm/share/pipe_swarm//urdf/wheels.xacro
[15.748s] -- Up-to-date symlink: /home/islam/source_code/pipe_swarm/ros_ws/install/pipe_swarm/share/pipe_swarm//launch/display_robot.launch.xml
[15.749s] -- Up-to-date symlink: /home/islam/source_code/pipe_swarm/ros_ws/install/pipe_swarm/share/pipe_swarm//launch/spawn_robot.launch.xml
[15.749s] -- Up-to-date symlink: /home/islam/source_code/pipe_swarm/ros_ws/install/pipe_swarm/share/pipe_swarm/environment/pythonpath.sh
[15.749s] -- Up-to-date symlink: /home/islam/source_code/pipe_swarm/ros_ws/install/pipe_swarm/share/pipe_swarm/environment/pythonpath.dsv
[15.749s] -- Up-to-date symlink: /home/islam/source_code/pipe_swarm/ros_ws/install/pipe_swarm/local/lib/python3.10/dist-packages/pipe_swarm-0.0.0-py3.10.egg-info/PKG-INFO
[15.750s] -- Up-to-date symlink: /home/islam/source_code/pipe_swarm/ros_ws/install/pipe_swarm/local/lib/python3.10/dist-packages/pipe_swarm-0.0.0-py3.10.egg-info/SOURCES.txt
[15.750s] -- Up-to-date symlink: /home/islam/source_code/pipe_swarm/ros_ws/install/pipe_swarm/local/lib/python3.10/dist-packages/pipe_swarm-0.0.0-py3.10.egg-info/dependency_links.txt
[15.750s] -- Up-to-date symlink: /home/islam/source_code/pipe_swarm/ros_ws/install/pipe_swarm/local/lib/python3.10/dist-packages/pipe_swarm-0.0.0-py3.10.egg-info/top_level.txt
[15.750s] -- Up-to-date symlink: /home/islam/source_code/pipe_swarm/ros_ws/install/pipe_swarm/local/lib/python3.10/dist-packages/pipe_swarm/__init__.py
[15.750s] -- Up-to-date symlink: /home/islam/source_code/pipe_swarm/ros_ws/install/pipe_swarm/local/lib/python3.10/dist-packages/pipe_swarm/python_chatter.py
[15.750s] -- Up-to-date symlink: /home/islam/source_code/pipe_swarm/ros_ws/install/pipe_swarm/lib/pipe_swarm//python_listener.py
[15.751s] -- Up-to-date symlink: /home/islam/source_code/pipe_swarm/ros_ws/install/pipe_swarm/lib/pipe_swarm//python_talker.py
[15.751s] -- Up-to-date symlink: /home/islam/source_code/pipe_swarm/ros_ws/install/pipe_swarm/share/ament_index/resource_index/package_run_dependencies/pipe_swarm
[15.751s] -- Up-to-date symlink: /home/islam/source_code/pipe_swarm/ros_ws/install/pipe_swarm/share/ament_index/resource_index/parent_prefix_path/pipe_swarm
[15.751s] -- Up-to-date symlink: /home/islam/source_code/pipe_swarm/ros_ws/install/pipe_swarm/share/pipe_swarm/environment/ament_prefix_path.sh
[15.751s] -- Up-to-date symlink: /home/islam/source_code/pipe_swarm/ros_ws/install/pipe_swarm/share/pipe_swarm/environment/ament_prefix_path.dsv
[15.751s] -- Up-to-date symlink: /home/islam/source_code/pipe_swarm/ros_ws/install/pipe_swarm/share/pipe_swarm/environment/path.sh
[15.752s] -- Up-to-date symlink: /home/islam/source_code/pipe_swarm/ros_ws/install/pipe_swarm/share/pipe_swarm/environment/path.dsv
[15.752s] -- Up-to-date symlink: /home/islam/source_code/pipe_swarm/ros_ws/install/pipe_swarm/share/pipe_swarm/local_setup.bash
[15.752s] -- Up-to-date symlink: /home/islam/source_code/pipe_swarm/ros_ws/install/pipe_swarm/share/pipe_swarm/local_setup.sh
[15.752s] -- Up-to-date symlink: /home/islam/source_code/pipe_swarm/ros_ws/install/pipe_swarm/share/pipe_swarm/local_setup.zsh
[15.752s] -- Up-to-date symlink: /home/islam/source_code/pipe_swarm/ros_ws/install/pipe_swarm/share/pipe_swarm/local_setup.dsv
[15.752s] -- Symlinking: /home/islam/source_code/pipe_swarm/ros_ws/install/pipe_swarm/share/pipe_swarm/package.dsv
[15.760s] -- Up-to-date symlink: /home/islam/source_code/pipe_swarm/ros_ws/install/pipe_swarm/share/ament_index/resource_index/packages/pipe_swarm
[15.760s] -- Up-to-date symlink: /home/islam/source_code/pipe_swarm/ros_ws/install/pipe_swarm/share/pipe_swarm/cmake/pipe_swarmConfig.cmake
[15.760s] -- Up-to-date symlink: /home/islam/source_code/pipe_swarm/ros_ws/install/pipe_swarm/share/pipe_swarm/cmake/pipe_swarmConfig-version.cmake
[15.761s] -- Up-to-date symlink: /home/islam/source_code/pipe_swarm/ros_ws/install/pipe_swarm/share/pipe_swarm/package.xml
[15.793s] Listing '/home/islam/source_code/pipe_swarm/ros_ws/install/pipe_swarm/local/lib/python3.10/dist-packages/pipe_swarm'...
[15.800s] Invoked command in '/home/islam/source_code/pipe_swarm/ros_ws/build/pipe_swarm' returned '0': CMAKE_PREFIX_PATH=${CMAKE_PREFIX_PATH}:/home/islam/source_code/ros_ws/install/urdf_tutorial_r2d2:/opt/ros/humble /usr/bin/cmake --install /home/islam/source_code/pipe_swarm/ros_ws/build/pipe_swarm
