[0.218s] DEBUG:colcon:Command line arguments: ['/usr/bin/colcon', 'build']
[0.218s] DEBUG:colcon:Parsed command line arguments: Namespace(log_base=None, log_level=None, verb_name='build', build_base='build', install_base='install', merge_install=False, symlink_install=False, test_result_base=None, continue_on_error=False, executor='parallel', parallel_workers=8, event_handlers=None, ignore_user_meta=False, metas=['./colcon.meta'], base_paths=['.'], packages_ignore=None, packages_ignore_regex=None, paths=None, packages_up_to=None, packages_up_to_regex=None, packages_above=None, packages_above_and_dependencies=None, packages_above_depth=None, packages_select_by_dep=None, packages_skip_by_dep=None, packages_skip_up_to=None, packages_select_build_failed=False, packages_skip_build_finished=False, packages_select_test_failures=False, packages_skip_test_passed=False, packages_select=None, packages_skip=None, packages_select_regex=None, packages_skip_regex=None, packages_start=None, packages_end=None, allow_overriding=[], cmake_args=None, cmake_target=None, cmake_target_skip_unavailable=False, cmake_clean_cache=False, cmake_clean_first=False, cmake_force_configure=False, ament_cmake_args=None, catkin_cmake_args=None, catkin_skip_building_tests=False, verb_parser=<colcon_defaults.argument_parser.defaults.DefaultArgumentsDecorator object at 0x7fb9e43a4b80>, verb_extension=<colcon_core.verb.build.BuildVerb object at 0x7fb9e45198d0>, main=<bound method BuildVerb.main of <colcon_core.verb.build.BuildVerb object at 0x7fb9e45198d0>>)
[0.393s] Level 1:colcon.colcon_core.package_discovery:discover_packages(colcon_meta) check parameters
[0.393s] Level 1:colcon.colcon_core.package_discovery:discover_packages(recursive) check parameters
[0.393s] Level 1:colcon.colcon_core.package_discovery:discover_packages(ignore) check parameters
[0.393s] Level 1:colcon.colcon_core.package_discovery:discover_packages(path) check parameters
[0.393s] Level 1:colcon.colcon_core.package_discovery:discover_packages(colcon_meta) discover
[0.393s] Level 1:colcon.colcon_core.package_discovery:discover_packages(recursive) discover
[0.393s] INFO:colcon.colcon_core.package_discovery:Crawling recursively for packages in '/home/islam/source_code/pipe_swarm/ros_ws'
[0.394s] Level 1:colcon.colcon_core.package_identification:_identify(.) by extensions ['ignore', 'ignore_ament_install']
[0.394s] Level 1:colcon.colcon_core.package_identification:_identify(.) by extension 'ignore'
[0.394s] Level 1:colcon.colcon_core.package_identification:_identify(.) by extension 'ignore_ament_install'
[0.394s] Level 1:colcon.colcon_core.package_identification:_identify(.) by extensions ['colcon_pkg']
[0.394s] Level 1:colcon.colcon_core.package_identification:_identify(.) by extension 'colcon_pkg'
[0.394s] Level 1:colcon.colcon_core.package_identification:_identify(.) by extensions ['colcon_meta']
[0.394s] Level 1:colcon.colcon_core.package_identification:_identify(.) by extension 'colcon_meta'
[0.394s] Level 1:colcon.colcon_core.package_identification:_identify(.) by extensions ['ros']
[0.394s] Level 1:colcon.colcon_core.package_identification:_identify(.) by extension 'ros'
[0.404s] Level 1:colcon.colcon_core.package_identification:_identify(.) by extensions ['cmake', 'python']
[0.404s] Level 1:colcon.colcon_core.package_identification:_identify(.) by extension 'cmake'
[0.404s] Level 1:colcon.colcon_core.package_identification:_identify(.) by extension 'python'
[0.404s] Level 1:colcon.colcon_core.package_identification:_identify(.) by extensions ['python_setup_py']
[0.405s] Level 1:colcon.colcon_core.package_identification:_identify(.) by extension 'python_setup_py'
[0.405s] Level 1:colcon.colcon_core.package_identification:_identify(build) by extensions ['ignore', 'ignore_ament_install']
[0.405s] Level 1:colcon.colcon_core.package_identification:_identify(build) by extension 'ignore'
[0.405s] Level 1:colcon.colcon_core.package_identification:_identify(build) ignored
[0.405s] Level 1:colcon.colcon_core.package_identification:_identify(install) by extensions ['ignore', 'ignore_ament_install']
[0.405s] Level 1:colcon.colcon_core.package_identification:_identify(install) by extension 'ignore'
[0.405s] Level 1:colcon.colcon_core.package_identification:_identify(install) ignored
[0.405s] Level 1:colcon.colcon_core.package_identification:_identify(log) by extensions ['ignore', 'ignore_ament_install']
[0.405s] Level 1:colcon.colcon_core.package_identification:_identify(log) by extension 'ignore'
[0.405s] Level 1:colcon.colcon_core.package_identification:_identify(log) ignored
[0.405s] Level 1:colcon.colcon_core.package_identification:_identify(src) by extensions ['ignore', 'ignore_ament_install']
[0.405s] Level 1:colcon.colcon_core.package_identification:_identify(src) by extension 'ignore'
[0.405s] Level 1:colcon.colcon_core.package_identification:_identify(src) by extension 'ignore_ament_install'
[0.405s] Level 1:colcon.colcon_core.package_identification:_identify(src) by extensions ['colcon_pkg']
[0.405s] Level 1:colcon.colcon_core.package_identification:_identify(src) by extension 'colcon_pkg'
[0.406s] Level 1:colcon.colcon_core.package_identification:_identify(src) by extensions ['colcon_meta']
[0.406s] Level 1:colcon.colcon_core.package_identification:_identify(src) by extension 'colcon_meta'
[0.406s] Level 1:colcon.colcon_core.package_identification:_identify(src) by extensions ['ros']
[0.406s] Level 1:colcon.colcon_core.package_identification:_identify(src) by extension 'ros'
[0.406s] Level 1:colcon.colcon_core.package_identification:_identify(src) by extensions ['cmake', 'python']
[0.406s] Level 1:colcon.colcon_core.package_identification:_identify(src) by extension 'cmake'
[0.406s] Level 1:colcon.colcon_core.package_identification:_identify(src) by extension 'python'
[0.406s] Level 1:colcon.colcon_core.package_identification:_identify(src) by extensions ['python_setup_py']
[0.406s] Level 1:colcon.colcon_core.package_identification:_identify(src) by extension 'python_setup_py'
[0.406s] Level 1:colcon.colcon_core.package_identification:_identify(src/pipe_swarm) by extensions ['ignore', 'ignore_ament_install']
[0.406s] Level 1:colcon.colcon_core.package_identification:_identify(src/pipe_swarm) by extension 'ignore'
[0.406s] Level 1:colcon.colcon_core.package_identification:_identify(src/pipe_swarm) by extension 'ignore_ament_install'
[0.406s] Level 1:colcon.colcon_core.package_identification:_identify(src/pipe_swarm) by extensions ['colcon_pkg']
[0.406s] Level 1:colcon.colcon_core.package_identification:_identify(src/pipe_swarm) by extension 'colcon_pkg'
[0.406s] Level 1:colcon.colcon_core.package_identification:_identify(src/pipe_swarm) by extensions ['colcon_meta']
[0.406s] Level 1:colcon.colcon_core.package_identification:_identify(src/pipe_swarm) by extension 'colcon_meta'
[0.406s] Level 1:colcon.colcon_core.package_identification:_identify(src/pipe_swarm) by extensions ['ros']
[0.406s] Level 1:colcon.colcon_core.package_identification:_identify(src/pipe_swarm) by extension 'ros'
[0.408s] DEBUG:colcon.colcon_core.package_identification:Package 'src/pipe_swarm' with type 'ros.ament_cmake' and name 'pipe_swarm'
[0.408s] Level 1:colcon.colcon_core.package_discovery:discover_packages(recursive) using defaults
[0.408s] Level 1:colcon.colcon_core.package_discovery:discover_packages(ignore) discover
[0.408s] Level 1:colcon.colcon_core.package_discovery:discover_packages(ignore) using defaults
[0.408s] Level 1:colcon.colcon_core.package_discovery:discover_packages(path) discover
[0.408s] Level 1:colcon.colcon_core.package_discovery:discover_packages(path) using defaults
[0.436s] Level 1:colcon.colcon_core.package_discovery:discover_packages(prefix_path) check parameters
[0.436s] Level 1:colcon.colcon_core.package_discovery:discover_packages(prefix_path) discover
[0.437s] DEBUG:colcon.colcon_installed_package_information.package_discovery:Found 2 installed packages in /home/islam/source_code/ros_ws/install
[0.438s] DEBUG:colcon.colcon_installed_package_information.package_discovery:Found 318 installed packages in /opt/ros/humble
[0.440s] Level 1:colcon.colcon_core.package_discovery:discover_packages(prefix_path) using defaults
[0.476s] Level 5:colcon.colcon_core.verb:set package 'pipe_swarm' build argument 'cmake_args' from command line to 'None'
[0.476s] Level 5:colcon.colcon_core.verb:set package 'pipe_swarm' build argument 'cmake_target' from command line to 'None'
[0.476s] Level 5:colcon.colcon_core.verb:set package 'pipe_swarm' build argument 'cmake_target_skip_unavailable' from command line to 'False'
[0.476s] Level 5:colcon.colcon_core.verb:set package 'pipe_swarm' build argument 'cmake_clean_cache' from command line to 'False'
[0.476s] Level 5:colcon.colcon_core.verb:set package 'pipe_swarm' build argument 'cmake_clean_first' from command line to 'False'
[0.476s] Level 5:colcon.colcon_core.verb:set package 'pipe_swarm' build argument 'cmake_force_configure' from command line to 'False'
[0.476s] Level 5:colcon.colcon_core.verb:set package 'pipe_swarm' build argument 'ament_cmake_args' from command line to 'None'
[0.476s] Level 5:colcon.colcon_core.verb:set package 'pipe_swarm' build argument 'catkin_cmake_args' from command line to 'None'
[0.476s] Level 5:colcon.colcon_core.verb:set package 'pipe_swarm' build argument 'catkin_skip_building_tests' from command line to 'False'
[0.476s] DEBUG:colcon.colcon_core.verb:Building package 'pipe_swarm' with the following arguments: {'ament_cmake_args': None, 'build_base': '/home/islam/source_code/pipe_swarm/ros_ws/build/pipe_swarm', 'catkin_cmake_args': None, 'catkin_skip_building_tests': False, 'cmake_args': None, 'cmake_clean_cache': False, 'cmake_clean_first': False, 'cmake_force_configure': False, 'cmake_target': None, 'cmake_target_skip_unavailable': False, 'install_base': '/home/islam/source_code/pipe_swarm/ros_ws/install/pipe_swarm', 'merge_install': False, 'path': '/home/islam/source_code/pipe_swarm/ros_ws/src/pipe_swarm', 'symlink_install': False, 'test_result_base': None}
[0.476s] INFO:colcon.colcon_core.executor:Executing jobs using 'parallel' executor
[0.478s] DEBUG:colcon.colcon_parallel_executor.executor.parallel:run_until_complete
[0.478s] INFO:colcon.colcon_ros.task.ament_cmake.build:Building ROS package in '/home/islam/source_code/pipe_swarm/ros_ws/src/pipe_swarm' with build type 'ament_cmake'
[0.478s] INFO:colcon.colcon_cmake.task.cmake.build:Building CMake package in '/home/islam/source_code/pipe_swarm/ros_ws/src/pipe_swarm'
[0.481s] INFO:colcon.colcon_core.plugin_system:Skipping extension 'colcon_core.shell.bat': Not used on non-Windows systems
[0.482s] INFO:colcon.colcon_core.shell:Skip shell extension 'powershell' for command environment: Not usable outside of PowerShell
[0.482s] DEBUG:colcon.colcon_core.shell:Skip shell extension 'dsv' for command environment
[0.493s] DEBUG:colcon.colcon_core.event_handler.log_command:Invoking command in '/home/islam/source_code/pipe_swarm/ros_ws/build/pipe_swarm': CMAKE_PREFIX_PATH=${CMAKE_PREFIX_PATH}:/home/islam/source_code/ros_ws/install/urdf_tutorial_r2d2:/opt/ros/humble /usr/bin/cmake --build /home/islam/source_code/pipe_swarm/ros_ws/build/pipe_swarm -- -j8 -l8
[16.204s] DEBUG:colcon.colcon_core.event_handler.log_command:Invoked command in '/home/islam/source_code/pipe_swarm/ros_ws/build/pipe_swarm' returned '0': CMAKE_PREFIX_PATH=${CMAKE_PREFIX_PATH}:/home/islam/source_code/ros_ws/install/urdf_tutorial_r2d2:/opt/ros/humble /usr/bin/cmake --build /home/islam/source_code/pipe_swarm/ros_ws/build/pipe_swarm -- -j8 -l8
[16.219s] DEBUG:colcon.colcon_core.event_handler.log_command:Invoking command in '/home/islam/source_code/pipe_swarm/ros_ws/build/pipe_swarm': CMAKE_PREFIX_PATH=${CMAKE_PREFIX_PATH}:/home/islam/source_code/ros_ws/install/urdf_tutorial_r2d2:/opt/ros/humble /usr/bin/cmake --install /home/islam/source_code/pipe_swarm/ros_ws/build/pipe_swarm
[16.297s] Level 1:colcon.colcon_core.environment:create_environment_scripts_only(pipe_swarm)
[16.298s] DEBUG:colcon.colcon_core.event_handler.log_command:Invoked command in '/home/islam/source_code/pipe_swarm/ros_ws/build/pipe_swarm' returned '0': CMAKE_PREFIX_PATH=${CMAKE_PREFIX_PATH}:/home/islam/source_code/ros_ws/install/urdf_tutorial_r2d2:/opt/ros/humble /usr/bin/cmake --install /home/islam/source_code/pipe_swarm/ros_ws/build/pipe_swarm
[16.302s] Level 1:colcon.colcon_core.environment:checking '/home/islam/source_code/pipe_swarm/ros_ws/install/pipe_swarm' for CMake module files
[16.302s] Level 1:colcon.colcon_core.environment:checking '/home/islam/source_code/pipe_swarm/ros_ws/install/pipe_swarm' for CMake config files
[16.303s] Level 1:colcon.colcon_core.shell:create_environment_hook('pipe_swarm', 'cmake_prefix_path')
[16.303s] INFO:colcon.colcon_core.shell:Creating environment hook '/home/islam/source_code/pipe_swarm/ros_ws/install/pipe_swarm/share/pipe_swarm/hook/cmake_prefix_path.ps1'
[16.304s] INFO:colcon.colcon_core.shell:Creating environment descriptor '/home/islam/source_code/pipe_swarm/ros_ws/install/pipe_swarm/share/pipe_swarm/hook/cmake_prefix_path.dsv'
[16.305s] INFO:colcon.colcon_core.shell:Creating environment hook '/home/islam/source_code/pipe_swarm/ros_ws/install/pipe_swarm/share/pipe_swarm/hook/cmake_prefix_path.sh'
[16.306s] Level 1:colcon.colcon_core.environment:checking '/home/islam/source_code/pipe_swarm/ros_ws/install/pipe_swarm/lib'
[16.306s] Level 1:colcon.colcon_core.environment:checking '/home/islam/source_code/pipe_swarm/ros_ws/install/pipe_swarm/bin'
[16.306s] Level 1:colcon.colcon_core.environment:checking '/home/islam/source_code/pipe_swarm/ros_ws/install/pipe_swarm/lib/pkgconfig/pipe_swarm.pc'
[16.307s] Level 1:colcon.colcon_core.environment:checking '/home/islam/source_code/pipe_swarm/ros_ws/install/pipe_swarm/lib/python3.10/site-packages'
[16.307s] Level 1:colcon.colcon_core.environment:checking '/home/islam/source_code/pipe_swarm/ros_ws/install/pipe_swarm/bin'
[16.308s] INFO:colcon.colcon_core.shell:Creating package script '/home/islam/source_code/pipe_swarm/ros_ws/install/pipe_swarm/share/pipe_swarm/package.ps1'
[16.308s] INFO:colcon.colcon_core.shell:Creating package descriptor '/home/islam/source_code/pipe_swarm/ros_ws/install/pipe_swarm/share/pipe_swarm/package.dsv'
[16.309s] INFO:colcon.colcon_core.shell:Creating package script '/home/islam/source_code/pipe_swarm/ros_ws/install/pipe_swarm/share/pipe_swarm/package.sh'
[16.310s] INFO:colcon.colcon_core.shell:Creating package script '/home/islam/source_code/pipe_swarm/ros_ws/install/pipe_swarm/share/pipe_swarm/package.bash'
[16.310s] INFO:colcon.colcon_core.shell:Creating package script '/home/islam/source_code/pipe_swarm/ros_ws/install/pipe_swarm/share/pipe_swarm/package.zsh'
[16.311s] Level 1:colcon.colcon_core.environment:create_file_with_runtime_dependencies(/home/islam/source_code/pipe_swarm/ros_ws/install/pipe_swarm/share/colcon-core/packages/pipe_swarm)
[16.312s] Level 1:colcon.colcon_core.environment:create_environment_scripts_only(pipe_swarm)
[16.312s] Level 1:colcon.colcon_core.environment:checking '/home/islam/source_code/pipe_swarm/ros_ws/install/pipe_swarm' for CMake module files
[16.312s] Level 1:colcon.colcon_core.environment:checking '/home/islam/source_code/pipe_swarm/ros_ws/install/pipe_swarm' for CMake config files
[16.312s] Level 1:colcon.colcon_core.shell:create_environment_hook('pipe_swarm', 'cmake_prefix_path')
[16.313s] INFO:colcon.colcon_core.shell:Creating environment hook '/home/islam/source_code/pipe_swarm/ros_ws/install/pipe_swarm/share/pipe_swarm/hook/cmake_prefix_path.ps1'
[16.313s] INFO:colcon.colcon_core.shell:Creating environment descriptor '/home/islam/source_code/pipe_swarm/ros_ws/install/pipe_swarm/share/pipe_swarm/hook/cmake_prefix_path.dsv'
[16.313s] INFO:colcon.colcon_core.shell:Creating environment hook '/home/islam/source_code/pipe_swarm/ros_ws/install/pipe_swarm/share/pipe_swarm/hook/cmake_prefix_path.sh'
[16.314s] Level 1:colcon.colcon_core.environment:checking '/home/islam/source_code/pipe_swarm/ros_ws/install/pipe_swarm/lib'
[16.314s] Level 1:colcon.colcon_core.environment:checking '/home/islam/source_code/pipe_swarm/ros_ws/install/pipe_swarm/bin'
[16.314s] Level 1:colcon.colcon_core.environment:checking '/home/islam/source_code/pipe_swarm/ros_ws/install/pipe_swarm/lib/pkgconfig/pipe_swarm.pc'
[16.314s] Level 1:colcon.colcon_core.environment:checking '/home/islam/source_code/pipe_swarm/ros_ws/install/pipe_swarm/lib/python3.10/site-packages'
[16.314s] Level 1:colcon.colcon_core.environment:checking '/home/islam/source_code/pipe_swarm/ros_ws/install/pipe_swarm/bin'
[16.315s] INFO:colcon.colcon_core.shell:Creating package script '/home/islam/source_code/pipe_swarm/ros_ws/install/pipe_swarm/share/pipe_swarm/package.ps1'
[16.315s] INFO:colcon.colcon_core.shell:Creating package descriptor '/home/islam/source_code/pipe_swarm/ros_ws/install/pipe_swarm/share/pipe_swarm/package.dsv'
[16.315s] INFO:colcon.colcon_core.shell:Creating package script '/home/islam/source_code/pipe_swarm/ros_ws/install/pipe_swarm/share/pipe_swarm/package.sh'
[16.316s] INFO:colcon.colcon_core.shell:Creating package script '/home/islam/source_code/pipe_swarm/ros_ws/install/pipe_swarm/share/pipe_swarm/package.bash'
[16.316s] INFO:colcon.colcon_core.shell:Creating package script '/home/islam/source_code/pipe_swarm/ros_ws/install/pipe_swarm/share/pipe_swarm/package.zsh'
[16.317s] Level 1:colcon.colcon_core.environment:create_file_with_runtime_dependencies(/home/islam/source_code/pipe_swarm/ros_ws/install/pipe_swarm/share/colcon-core/packages/pipe_swarm)
[16.317s] DEBUG:colcon.colcon_parallel_executor.executor.parallel:closing loop
[16.318s] DEBUG:colcon.colcon_parallel_executor.executor.parallel:loop closed
[16.318s] DEBUG:colcon.colcon_parallel_executor.executor.parallel:run_until_complete finished with '0'
[16.318s] DEBUG:colcon.colcon_core.event_reactor:joining thread
[16.399s] INFO:colcon.colcon_core.plugin_system:Skipping extension 'colcon_notification.desktop_notification.notify_send': Could not find 'notify-send'
[16.400s] INFO:colcon.colcon_core.plugin_system:Skipping extension 'colcon_notification.desktop_notification.terminal_notifier': Not used on non-Darwin systems
[16.400s] INFO:colcon.colcon_core.plugin_system:Skipping extension 'colcon_notification.desktop_notification.win32': Not used on non-Windows systems
[16.400s] INFO:colcon.colcon_notification.desktop_notification:Sending desktop notification using 'notify2'
[16.401s] DEBUG:colcon.colcon_notification.desktop_notification.notify2:Failed to initialize notify2: org.freedesktop.DBus.Error.ServiceUnknown: The name org.freedesktop.Notifications was not provided by any .service files
[16.401s] DEBUG:colcon.colcon_core.event_reactor:joined thread
[16.402s] INFO:colcon.colcon_core.shell:Creating prefix script '/home/islam/source_code/pipe_swarm/ros_ws/install/local_setup.ps1'
[16.403s] INFO:colcon.colcon_core.shell:Creating prefix util module '/home/islam/source_code/pipe_swarm/ros_ws/install/_local_setup_util_ps1.py'
[16.404s] INFO:colcon.colcon_core.shell:Creating prefix chain script '/home/islam/source_code/pipe_swarm/ros_ws/install/setup.ps1'
[16.408s] INFO:colcon.colcon_core.shell:Creating prefix script '/home/islam/source_code/pipe_swarm/ros_ws/install/local_setup.sh'
[16.408s] INFO:colcon.colcon_core.shell:Creating prefix util module '/home/islam/source_code/pipe_swarm/ros_ws/install/_local_setup_util_sh.py'
[16.409s] INFO:colcon.colcon_core.shell:Creating prefix chain script '/home/islam/source_code/pipe_swarm/ros_ws/install/setup.sh'
[16.410s] INFO:colcon.colcon_core.shell:Creating prefix script '/home/islam/source_code/pipe_swarm/ros_ws/install/local_setup.bash'
[16.411s] INFO:colcon.colcon_core.shell:Creating prefix chain script '/home/islam/source_code/pipe_swarm/ros_ws/install/setup.bash'
[16.412s] INFO:colcon.colcon_core.shell:Creating prefix script '/home/islam/source_code/pipe_swarm/ros_ws/install/local_setup.zsh'
[16.413s] INFO:colcon.colcon_core.shell:Creating prefix chain script '/home/islam/source_code/pipe_swarm/ros_ws/install/setup.zsh'
