-- Found ament_cmake: 1.3.10 (/opt/ros/humble/share/ament_cmake/cmake)
-- Override CMake install command with custom implementation using symlinks instead of copying resources
-- Found rclpy: 3.3.14 (/opt/ros/humble/share/rclpy/cmake)
-- Found rclcpp: 16.0.10 (/opt/ros/humble/share/rclcpp/cmake)
-- Found rosidl_generator_c: 3.1.5 (/opt/ros/humble/share/rosidl_generator_c/cmake)
-- Found rosidl_adapter: 3.1.5 (/opt/ros/humble/share/rosidl_adapter/cmake)
-- Found rosidl_generator_cpp: 3.1.5 (/opt/ros/humble/share/rosidl_generator_cpp/cmake)
-- Using all available rosidl_typesupport_c: rosidl_typesupport_fastrtps_c;rosidl_typesupport_introspection_c
-- Using all available rosidl_typesupport_cpp: rosidl_typesupport_fastrtps_cpp;rosidl_typesupport_introspection_cpp
-- Found rmw_implementation_cmake: 6.1.2 (/opt/ros/humble/share/rmw_implementation_cmake/cmake)
-- Found rmw_fastrtps_cpp: 6.2.7 (/opt/ros/humble/share/rmw_fastrtps_cpp/cmake)
-- Using RMW implementation 'rmw_fastrtps_cpp' as default
-- Configuring done
-- Generating done
-- Build files have been written to: /home/islam/source_code/pipe_swarm/ros_ws/build/pipe_swarm
Built target ament_cmake_python_symlink_pipe_swarm
running egg_info
writing pipe_swarm.egg-info/PKG-INFO
writing dependency_links to pipe_swarm.egg-info/dependency_links.txt
writing top-level names to pipe_swarm.egg-info/top_level.txt
reading manifest file 'pipe_swarm.egg-info/SOURCES.txt'
writing manifest file 'pipe_swarm.egg-info/SOURCES.txt'
Built target ament_cmake_python_build_pipe_swarm_egg
-- Install configuration: ""
-- Execute custom install script
-- Up-to-date symlink: /home/islam/source_code/pipe_swarm/ros_ws/install/pipe_swarm/share/pipe_swarm//urdf/camera.xacro
-- Up-to-date symlink: /home/islam/source_code/pipe_swarm/ros_ws/install/pipe_swarm/share/pipe_swarm//urdf/common.xacro
-- Up-to-date symlink: /home/islam/source_code/pipe_swarm/ros_ws/install/pipe_swarm/share/pipe_swarm//urdf/mobile_base.xacro
-- Up-to-date symlink: /home/islam/source_code/pipe_swarm/ros_ws/install/pipe_swarm/share/pipe_swarm//urdf/pipe_robot.urdf.xacro
-- Up-to-date symlink: /home/islam/source_code/pipe_swarm/ros_ws/install/pipe_swarm/share/pipe_swarm//launch/display_robot.launch.xml
-- Up-to-date symlink: /home/islam/source_code/pipe_swarm/ros_ws/install/pipe_swarm/share/pipe_swarm/environment/pythonpath.sh
-- Up-to-date symlink: /home/islam/source_code/pipe_swarm/ros_ws/install/pipe_swarm/share/pipe_swarm/environment/pythonpath.dsv
-- Up-to-date symlink: /home/islam/source_code/pipe_swarm/ros_ws/install/pipe_swarm/local/lib/python3.10/dist-packages/pipe_swarm-0.0.0-py3.10.egg-info/PKG-INFO
-- Up-to-date symlink: /home/islam/source_code/pipe_swarm/ros_ws/install/pipe_swarm/local/lib/python3.10/dist-packages/pipe_swarm-0.0.0-py3.10.egg-info/SOURCES.txt
-- Up-to-date symlink: /home/islam/source_code/pipe_swarm/ros_ws/install/pipe_swarm/local/lib/python3.10/dist-packages/pipe_swarm-0.0.0-py3.10.egg-info/dependency_links.txt
-- Up-to-date symlink: /home/islam/source_code/pipe_swarm/ros_ws/install/pipe_swarm/local/lib/python3.10/dist-packages/pipe_swarm-0.0.0-py3.10.egg-info/top_level.txt
-- Up-to-date symlink: /home/islam/source_code/pipe_swarm/ros_ws/install/pipe_swarm/local/lib/python3.10/dist-packages/pipe_swarm/__init__.py
-- Up-to-date symlink: /home/islam/source_code/pipe_swarm/ros_ws/install/pipe_swarm/local/lib/python3.10/dist-packages/pipe_swarm/python_chatter.py
-- Up-to-date symlink: /home/islam/source_code/pipe_swarm/ros_ws/install/pipe_swarm/lib/pipe_swarm//python_listener.py
-- Up-to-date symlink: /home/islam/source_code/pipe_swarm/ros_ws/install/pipe_swarm/lib/pipe_swarm//python_talker.py
-- Up-to-date symlink: /home/islam/source_code/pipe_swarm/ros_ws/install/pipe_swarm/share/ament_index/resource_index/package_run_dependencies/pipe_swarm
-- Up-to-date symlink: /home/islam/source_code/pipe_swarm/ros_ws/install/pipe_swarm/share/ament_index/resource_index/parent_prefix_path/pipe_swarm
-- Up-to-date symlink: /home/islam/source_code/pipe_swarm/ros_ws/install/pipe_swarm/share/pipe_swarm/environment/ament_prefix_path.sh
-- Up-to-date symlink: /home/islam/source_code/pipe_swarm/ros_ws/install/pipe_swarm/share/pipe_swarm/environment/ament_prefix_path.dsv
-- Up-to-date symlink: /home/islam/source_code/pipe_swarm/ros_ws/install/pipe_swarm/share/pipe_swarm/environment/path.sh
-- Up-to-date symlink: /home/islam/source_code/pipe_swarm/ros_ws/install/pipe_swarm/share/pipe_swarm/environment/path.dsv
-- Up-to-date symlink: /home/islam/source_code/pipe_swarm/ros_ws/install/pipe_swarm/share/pipe_swarm/local_setup.bash
-- Up-to-date symlink: /home/islam/source_code/pipe_swarm/ros_ws/install/pipe_swarm/share/pipe_swarm/local_setup.sh
-- Up-to-date symlink: /home/islam/source_code/pipe_swarm/ros_ws/install/pipe_swarm/share/pipe_swarm/local_setup.zsh
-- Up-to-date symlink: /home/islam/source_code/pipe_swarm/ros_ws/install/pipe_swarm/share/pipe_swarm/local_setup.dsv
-- Symlinking: /home/islam/source_code/pipe_swarm/ros_ws/install/pipe_swarm/share/pipe_swarm/package.dsv
-- Up-to-date symlink: /home/islam/source_code/pipe_swarm/ros_ws/install/pipe_swarm/share/ament_index/resource_index/packages/pipe_swarm
-- Up-to-date symlink: /home/islam/source_code/pipe_swarm/ros_ws/install/pipe_swarm/share/pipe_swarm/cmake/pipe_swarmConfig.cmake
-- Up-to-date symlink: /home/islam/source_code/pipe_swarm/ros_ws/install/pipe_swarm/share/pipe_swarm/cmake/pipe_swarmConfig-version.cmake
-- Up-to-date symlink: /home/islam/source_code/pipe_swarm/ros_ws/install/pipe_swarm/share/pipe_swarm/package.xml
Listing '/home/islam/source_code/pipe_swarm/ros_ws/install/pipe_swarm/local/lib/python3.10/dist-packages/pipe_swarm'...
