[0.018s] Invoking command in '/home/islam/source_code/pipe_swarm/ros_ws/build/pipe_swarm': CMAKE_PREFIX_PATH=${CMAKE_PREFIX_PATH}:/home/islam/source_code/ros_ws/install/urdf_tutorial_r2d2:/opt/ros/humble /usr/bin/cmake --build /home/islam/source_code/pipe_swarm/ros_ws/build/pipe_swarm -- -j8 -l8
[0.070s] Built target ament_cmake_python_symlink_pipe_swarm
[0.395s] running egg_info
[0.396s] writing pipe_swarm.egg-info/PKG-INFO
[0.396s] writing dependency_links to pipe_swarm.egg-info/dependency_links.txt
[0.396s] writing top-level names to pipe_swarm.egg-info/top_level.txt
[0.399s] reading manifest file 'pipe_swarm.egg-info/SOURCES.txt'
[0.400s] writing manifest file 'pipe_swarm.egg-info/SOURCES.txt'
[0.432s] Built target ament_cmake_python_build_pipe_swarm_egg
[0.448s] Invoked command in '/home/islam/source_code/pipe_swarm/ros_ws/build/pipe_swarm' returned '0': CMAKE_PREFIX_PATH=${CMAKE_PREFIX_PATH}:/home/islam/source_code/ros_ws/install/urdf_tutorial_r2d2:/opt/ros/humble /usr/bin/cmake --build /home/islam/source_code/pipe_swarm/ros_ws/build/pipe_swarm -- -j8 -l8
[0.463s] Invoking command in '/home/islam/source_code/pipe_swarm/ros_ws/build/pipe_swarm': CMAKE_PREFIX_PATH=${CMAKE_PREFIX_PATH}:/home/islam/source_code/ros_ws/install/urdf_tutorial_r2d2:/opt/ros/humble /usr/bin/cmake --install /home/islam/source_code/pipe_swarm/ros_ws/build/pipe_swarm
[0.469s] -- Install configuration: ""
[0.469s] -- Execute custom install script
[0.471s] -- Up-to-date symlink: /home/islam/source_code/pipe_swarm/ros_ws/install/pipe_swarm/share/pipe_swarm/urdf/camera.xacro
[0.471s] -- Up-to-date symlink: /home/islam/source_code/pipe_swarm/ros_ws/install/pipe_swarm/share/pipe_swarm/urdf/common.xacro
[0.471s] -- Up-to-date symlink: /home/islam/source_code/pipe_swarm/ros_ws/install/pipe_swarm/share/pipe_swarm/urdf/mobile_base.xacro
[0.472s] -- Up-to-date symlink: /home/islam/source_code/pipe_swarm/ros_ws/install/pipe_swarm/share/pipe_swarm/urdf/pipe_robot.urdf.xacro
[0.472s] -- Symlinking: /home/islam/source_code/pipe_swarm/ros_ws/install/pipe_swarm/share/pipe_swarm/launch/display_robot.launch.xml
[0.480s] -- Up-to-date symlink: /home/islam/source_code/pipe_swarm/ros_ws/install/pipe_swarm/share/pipe_swarm/environment/pythonpath.sh
[0.480s] -- Up-to-date symlink: /home/islam/source_code/pipe_swarm/ros_ws/install/pipe_swarm/share/pipe_swarm/environment/pythonpath.dsv
[0.480s] -- Up-to-date symlink: /home/islam/source_code/pipe_swarm/ros_ws/install/pipe_swarm/local/lib/python3.10/dist-packages/pipe_swarm-0.0.0-py3.10.egg-info/PKG-INFO
[0.480s] -- Up-to-date symlink: /home/islam/source_code/pipe_swarm/ros_ws/install/pipe_swarm/local/lib/python3.10/dist-packages/pipe_swarm-0.0.0-py3.10.egg-info/SOURCES.txt
[0.480s] -- Up-to-date symlink: /home/islam/source_code/pipe_swarm/ros_ws/install/pipe_swarm/local/lib/python3.10/dist-packages/pipe_swarm-0.0.0-py3.10.egg-info/dependency_links.txt
[0.480s] -- Up-to-date symlink: /home/islam/source_code/pipe_swarm/ros_ws/install/pipe_swarm/local/lib/python3.10/dist-packages/pipe_swarm-0.0.0-py3.10.egg-info/top_level.txt
[0.481s] -- Up-to-date symlink: /home/islam/source_code/pipe_swarm/ros_ws/install/pipe_swarm/local/lib/python3.10/dist-packages/pipe_swarm/__init__.py
[0.481s] -- Up-to-date symlink: /home/islam/source_code/pipe_swarm/ros_ws/install/pipe_swarm/local/lib/python3.10/dist-packages/pipe_swarm/python_chatter.py
[0.481s] -- Up-to-date symlink: /home/islam/source_code/pipe_swarm/ros_ws/install/pipe_swarm/lib/pipe_swarm//python_listener.py
[0.481s] -- Up-to-date symlink: /home/islam/source_code/pipe_swarm/ros_ws/install/pipe_swarm/lib/pipe_swarm//python_talker.py
[0.482s] -- Up-to-date symlink: /home/islam/source_code/pipe_swarm/ros_ws/install/pipe_swarm/share/ament_index/resource_index/package_run_dependencies/pipe_swarm
[0.482s] -- Up-to-date symlink: /home/islam/source_code/pipe_swarm/ros_ws/install/pipe_swarm/share/ament_index/resource_index/parent_prefix_path/pipe_swarm
[0.482s] -- Up-to-date symlink: /home/islam/source_code/pipe_swarm/ros_ws/install/pipe_swarm/share/pipe_swarm/environment/ament_prefix_path.sh
[0.482s] -- Up-to-date symlink: /home/islam/source_code/pipe_swarm/ros_ws/install/pipe_swarm/share/pipe_swarm/environment/ament_prefix_path.dsv
[0.483s] -- Up-to-date symlink: /home/islam/source_code/pipe_swarm/ros_ws/install/pipe_swarm/share/pipe_swarm/environment/path.sh
[0.483s] -- Up-to-date symlink: /home/islam/source_code/pipe_swarm/ros_ws/install/pipe_swarm/share/pipe_swarm/environment/path.dsv
[0.483s] -- Up-to-date symlink: /home/islam/source_code/pipe_swarm/ros_ws/install/pipe_swarm/share/pipe_swarm/local_setup.bash
[0.483s] -- Up-to-date symlink: /home/islam/source_code/pipe_swarm/ros_ws/install/pipe_swarm/share/pipe_swarm/local_setup.sh
[0.484s] -- Up-to-date symlink: /home/islam/source_code/pipe_swarm/ros_ws/install/pipe_swarm/share/pipe_swarm/local_setup.zsh
[0.484s] -- Up-to-date symlink: /home/islam/source_code/pipe_swarm/ros_ws/install/pipe_swarm/share/pipe_swarm/local_setup.dsv
[0.484s] -- Symlinking: /home/islam/source_code/pipe_swarm/ros_ws/install/pipe_swarm/share/pipe_swarm/package.dsv
[0.494s] -- Up-to-date symlink: /home/islam/source_code/pipe_swarm/ros_ws/install/pipe_swarm/share/ament_index/resource_index/packages/pipe_swarm
[0.494s] -- Up-to-date symlink: /home/islam/source_code/pipe_swarm/ros_ws/install/pipe_swarm/share/pipe_swarm/cmake/pipe_swarmConfig.cmake
[0.494s] -- Up-to-date symlink: /home/islam/source_code/pipe_swarm/ros_ws/install/pipe_swarm/share/pipe_swarm/cmake/pipe_swarmConfig-version.cmake
[0.494s] -- Up-to-date symlink: /home/islam/source_code/pipe_swarm/ros_ws/install/pipe_swarm/share/pipe_swarm/package.xml
[0.532s] Listing '/home/islam/source_code/pipe_swarm/ros_ws/install/pipe_swarm/local/lib/python3.10/dist-packages/pipe_swarm'...
[0.540s] Invoked command in '/home/islam/source_code/pipe_swarm/ros_ws/build/pipe_swarm' returned '0': CMAKE_PREFIX_PATH=${CMAKE_PREFIX_PATH}:/home/islam/source_code/ros_ws/install/urdf_tutorial_r2d2:/opt/ros/humble /usr/bin/cmake --install /home/islam/source_code/pipe_swarm/ros_ws/build/pipe_swarm
