[0.077s] Invoking command in '/home/islam/source_code/pipe_swarm/ros_ws/build/pipe_swarm': CMAKE_PREFIX_PATH=${CMAKE_PREFIX_PATH}:/home/islam/source_code/ros_ws/install/urdf_tutorial_r2d2:/opt/ros/humble /usr/bin/cmake /home/islam/source_code/pipe_swarm/ros_ws/src/pipe_swarm -DAMENT_CMAKE_SYMLINK_INSTALL=1 -DCMAKE_INSTALL_PREFIX=/home/islam/source_code/pipe_swarm/ros_ws/install/pipe_swarm
[0.276s] -- Found ament_cmake: 1.3.10 (/opt/ros/humble/share/ament_cmake/cmake)
[0.626s] -- Override CMake install command with custom implementation using symlinks instead of copying resources
[0.675s] -- Found rclpy: 3.3.14 (/opt/ros/humble/share/rclpy/cmake)
[0.676s] -- Found rclcpp: 16.0.10 (/opt/ros/humble/share/rclcpp/cmake)
[1.310s] -- Found rosidl_generator_c: 3.1.5 (/opt/ros/humble/share/rosidl_generator_c/cmake)
[1.323s] -- Found rosidl_adapter: 3.1.5 (/opt/ros/humble/share/rosidl_adapter/cmake)
[1.345s] -- Found rosidl_generator_cpp: 3.1.5 (/opt/ros/humble/share/rosidl_generator_cpp/cmake)
[1.372s] -- Using all available rosidl_typesupport_c: rosidl_typesupport_fastrtps_c;rosidl_typesupport_introspection_c
[1.404s] -- Using all available rosidl_typesupport_cpp: rosidl_typesupport_fastrtps_cpp;rosidl_typesupport_introspection_cpp
[1.495s] -- Found rmw_implementation_cmake: 6.1.2 (/opt/ros/humble/share/rmw_implementation_cmake/cmake)
[1.499s] -- Found rmw_fastrtps_cpp: 6.2.7 (/opt/ros/humble/share/rmw_fastrtps_cpp/cmake)
[13.108s] -- Using RMW implementation 'rmw_fastrtps_cpp' as default
[13.368s] -- Configuring done
[13.386s] -- Generating done
[13.390s] -- Build files have been written to: /home/islam/source_code/pipe_swarm/ros_ws/build/pipe_swarm
[13.401s] Invoked command in '/home/islam/source_code/pipe_swarm/ros_ws/build/pipe_swarm' returned '0': CMAKE_PREFIX_PATH=${CMAKE_PREFIX_PATH}:/home/islam/source_code/ros_ws/install/urdf_tutorial_r2d2:/opt/ros/humble /usr/bin/cmake /home/islam/source_code/pipe_swarm/ros_ws/src/pipe_swarm -DAMENT_CMAKE_SYMLINK_INSTALL=1 -DCMAKE_INSTALL_PREFIX=/home/islam/source_code/pipe_swarm/ros_ws/install/pipe_swarm
[13.406s] Invoking command in '/home/islam/source_code/pipe_swarm/ros_ws/build/pipe_swarm': CMAKE_PREFIX_PATH=${CMAKE_PREFIX_PATH}:/home/islam/source_code/ros_ws/install/urdf_tutorial_r2d2:/opt/ros/humble /usr/bin/cmake --build /home/islam/source_code/pipe_swarm/ros_ws/build/pipe_swarm -- -j8 -l8
[13.476s] Built target ament_cmake_python_symlink_pipe_swarm
[13.723s] running egg_info
[13.725s] writing pipe_swarm.egg-info/PKG-INFO
[13.725s] writing dependency_links to pipe_swarm.egg-info/dependency_links.txt
[13.725s] writing top-level names to pipe_swarm.egg-info/top_level.txt
[13.728s] reading manifest file 'pipe_swarm.egg-info/SOURCES.txt'
[13.729s] writing manifest file 'pipe_swarm.egg-info/SOURCES.txt'
[13.752s] Built target ament_cmake_python_build_pipe_swarm_egg
[13.763s] Invoked command in '/home/islam/source_code/pipe_swarm/ros_ws/build/pipe_swarm' returned '0': CMAKE_PREFIX_PATH=${CMAKE_PREFIX_PATH}:/home/islam/source_code/ros_ws/install/urdf_tutorial_r2d2:/opt/ros/humble /usr/bin/cmake --build /home/islam/source_code/pipe_swarm/ros_ws/build/pipe_swarm -- -j8 -l8
[13.773s] Invoking command in '/home/islam/source_code/pipe_swarm/ros_ws/build/pipe_swarm': CMAKE_PREFIX_PATH=${CMAKE_PREFIX_PATH}:/home/islam/source_code/ros_ws/install/urdf_tutorial_r2d2:/opt/ros/humble /usr/bin/cmake --install /home/islam/source_code/pipe_swarm/ros_ws/build/pipe_swarm
[13.779s] -- Install configuration: ""
[13.780s] -- Execute custom install script
[13.781s] -- Up-to-date symlink: /home/islam/source_code/pipe_swarm/ros_ws/install/pipe_swarm/share/pipe_swarm//urdf/camera.xacro
[13.781s] -- Up-to-date symlink: /home/islam/source_code/pipe_swarm/ros_ws/install/pipe_swarm/share/pipe_swarm//urdf/common.xacro
[13.782s] -- Up-to-date symlink: /home/islam/source_code/pipe_swarm/ros_ws/install/pipe_swarm/share/pipe_swarm//urdf/mobile_base.xacro
[13.783s] -- Up-to-date symlink: /home/islam/source_code/pipe_swarm/ros_ws/install/pipe_swarm/share/pipe_swarm//urdf/pipe_robot.urdf.xacro
[13.783s] -- Up-to-date symlink: /home/islam/source_code/pipe_swarm/ros_ws/install/pipe_swarm/share/pipe_swarm//urdf/wheels.xacro
[13.784s] -- Up-to-date symlink: /home/islam/source_code/pipe_swarm/ros_ws/install/pipe_swarm/share/pipe_swarm//launch/display_robot.launch.xml
[13.784s] -- Up-to-date symlink: /home/islam/source_code/pipe_swarm/ros_ws/install/pipe_swarm/share/pipe_swarm//launch/spawn_robot.launch.xml
[13.785s] -- Up-to-date symlink: /home/islam/source_code/pipe_swarm/ros_ws/install/pipe_swarm/share/pipe_swarm/environment/pythonpath.sh
[13.785s] -- Up-to-date symlink: /home/islam/source_code/pipe_swarm/ros_ws/install/pipe_swarm/share/pipe_swarm/environment/pythonpath.dsv
[13.785s] -- Up-to-date symlink: /home/islam/source_code/pipe_swarm/ros_ws/install/pipe_swarm/local/lib/python3.10/dist-packages/pipe_swarm-0.0.0-py3.10.egg-info/PKG-INFO
[13.786s] -- Up-to-date symlink: /home/islam/source_code/pipe_swarm/ros_ws/install/pipe_swarm/local/lib/python3.10/dist-packages/pipe_swarm-0.0.0-py3.10.egg-info/SOURCES.txt
[13.787s] -- Up-to-date symlink: /home/islam/source_code/pipe_swarm/ros_ws/install/pipe_swarm/local/lib/python3.10/dist-packages/pipe_swarm-0.0.0-py3.10.egg-info/dependency_links.txt
[13.787s] -- Up-to-date symlink: /home/islam/source_code/pipe_swarm/ros_ws/install/pipe_swarm/local/lib/python3.10/dist-packages/pipe_swarm-0.0.0-py3.10.egg-info/top_level.txt
[13.788s] -- Up-to-date symlink: /home/islam/source_code/pipe_swarm/ros_ws/install/pipe_swarm/local/lib/python3.10/dist-packages/pipe_swarm/__init__.py
[13.788s] -- Up-to-date symlink: /home/islam/source_code/pipe_swarm/ros_ws/install/pipe_swarm/local/lib/python3.10/dist-packages/pipe_swarm/python_chatter.py
[13.790s] -- Up-to-date symlink: /home/islam/source_code/pipe_swarm/ros_ws/install/pipe_swarm/lib/pipe_swarm//python_listener.py
[13.790s] -- Up-to-date symlink: /home/islam/source_code/pipe_swarm/ros_ws/install/pipe_swarm/lib/pipe_swarm//python_talker.py
[13.790s] -- Up-to-date symlink: /home/islam/source_code/pipe_swarm/ros_ws/install/pipe_swarm/share/ament_index/resource_index/package_run_dependencies/pipe_swarm
[13.791s] -- Up-to-date symlink: /home/islam/source_code/pipe_swarm/ros_ws/install/pipe_swarm/share/ament_index/resource_index/parent_prefix_path/pipe_swarm
[13.791s] -- Up-to-date symlink: /home/islam/source_code/pipe_swarm/ros_ws/install/pipe_swarm/share/pipe_swarm/environment/ament_prefix_path.sh
[13.792s] -- Up-to-date symlink: /home/islam/source_code/pipe_swarm/ros_ws/install/pipe_swarm/share/pipe_swarm/environment/ament_prefix_path.dsv
[13.792s] -- Up-to-date symlink: /home/islam/source_code/pipe_swarm/ros_ws/install/pipe_swarm/share/pipe_swarm/environment/path.sh
[13.792s] -- Up-to-date symlink: /home/islam/source_code/pipe_swarm/ros_ws/install/pipe_swarm/share/pipe_swarm/environment/path.dsv
[13.793s] -- Up-to-date symlink: /home/islam/source_code/pipe_swarm/ros_ws/install/pipe_swarm/share/pipe_swarm/local_setup.bash
[13.793s] -- Up-to-date symlink: /home/islam/source_code/pipe_swarm/ros_ws/install/pipe_swarm/share/pipe_swarm/local_setup.sh
[13.794s] -- Up-to-date symlink: /home/islam/source_code/pipe_swarm/ros_ws/install/pipe_swarm/share/pipe_swarm/local_setup.zsh
[13.794s] -- Up-to-date symlink: /home/islam/source_code/pipe_swarm/ros_ws/install/pipe_swarm/share/pipe_swarm/local_setup.dsv
[13.795s] -- Symlinking: /home/islam/source_code/pipe_swarm/ros_ws/install/pipe_swarm/share/pipe_swarm/package.dsv
[13.802s] -- Up-to-date symlink: /home/islam/source_code/pipe_swarm/ros_ws/install/pipe_swarm/share/ament_index/resource_index/packages/pipe_swarm
[13.803s] -- Up-to-date symlink: /home/islam/source_code/pipe_swarm/ros_ws/install/pipe_swarm/share/pipe_swarm/cmake/pipe_swarmConfig.cmake
[13.804s] -- Up-to-date symlink: /home/islam/source_code/pipe_swarm/ros_ws/install/pipe_swarm/share/pipe_swarm/cmake/pipe_swarmConfig-version.cmake
[13.804s] -- Up-to-date symlink: /home/islam/source_code/pipe_swarm/ros_ws/install/pipe_swarm/share/pipe_swarm/package.xml
[13.836s] Listing '/home/islam/source_code/pipe_swarm/ros_ws/install/pipe_swarm/local/lib/python3.10/dist-packages/pipe_swarm'...
[13.843s] Invoked command in '/home/islam/source_code/pipe_swarm/ros_ws/build/pipe_swarm' returned '0': CMAKE_PREFIX_PATH=${CMAKE_PREFIX_PATH}:/home/islam/source_code/ros_ws/install/urdf_tutorial_r2d2:/opt/ros/humble /usr/bin/cmake --install /home/islam/source_code/pipe_swarm/ros_ws/build/pipe_swarm
