[0.020s] Invoking command in '/home/islam/source_code/pipe_swarm/ros_ws/build/pipe_swarm': CMAKE_PREFIX_PATH=/opt/ros/humble /usr/bin/cmake --build /home/islam/source_code/pipe_swarm/ros_ws/build/pipe_swarm -- -j8 -l8
[0.111s] Built target ament_cmake_python_symlink_pipe_swarm
[0.360s] running egg_info
[0.361s] writing pipe_swarm.egg-info/PKG-INFO
[0.361s] writing dependency_links to pipe_swarm.egg-info/dependency_links.txt
[0.361s] writing top-level names to pipe_swarm.egg-info/top_level.txt
[0.364s] reading manifest file 'pipe_swarm.egg-info/SOURCES.txt'
[0.364s] writing manifest file 'pipe_swarm.egg-info/SOURCES.txt'
[0.384s] Built target ament_cmake_python_build_pipe_swarm_egg
[0.393s] Invoked command in '/home/islam/source_code/pipe_swarm/ros_ws/build/pipe_swarm' returned '0': CMAKE_PREFIX_PATH=/opt/ros/humble /usr/bin/cmake --build /home/islam/source_code/pipe_swarm/ros_ws/build/pipe_swarm -- -j8 -l8
[0.403s] Invoking command in '/home/islam/source_code/pipe_swarm/ros_ws/build/pipe_swarm': CMAKE_PREFIX_PATH=/opt/ros/humble /usr/bin/cmake --install /home/islam/source_code/pipe_swarm/ros_ws/build/pipe_swarm
[0.409s] -- Install configuration: ""
[0.412s] -- Execute custom install script
[0.413s] -- Up-to-date symlink: /home/islam/source_code/pipe_swarm/ros_ws/install/pipe_swarm/share/pipe_swarm//urdf/camera.xacro
[0.413s] -- Up-to-date symlink: /home/islam/source_code/pipe_swarm/ros_ws/install/pipe_swarm/share/pipe_swarm//urdf/common.xacro
[0.414s] -- Up-to-date symlink: /home/islam/source_code/pipe_swarm/ros_ws/install/pipe_swarm/share/pipe_swarm//urdf/mobile_base.xacro
[0.414s] -- Up-to-date symlink: /home/islam/source_code/pipe_swarm/ros_ws/install/pipe_swarm/share/pipe_swarm//urdf/pipe_robot.urdf.xacro
[0.415s] -- Up-to-date symlink: /home/islam/source_code/pipe_swarm/ros_ws/install/pipe_swarm/share/pipe_swarm//urdf/wheels.xacro
[0.417s] -- Up-to-date symlink: /home/islam/source_code/pipe_swarm/ros_ws/install/pipe_swarm/share/pipe_swarm//launch/display_robot.launch.xml
[0.417s] -- Up-to-date symlink: /home/islam/source_code/pipe_swarm/ros_ws/install/pipe_swarm/share/pipe_swarm//launch/spawn_robot.launch.xml
[0.418s] -- Up-to-date symlink: /home/islam/source_code/pipe_swarm/ros_ws/install/pipe_swarm/share/pipe_swarm/environment/pythonpath.sh
[0.418s] -- Up-to-date symlink: /home/islam/source_code/pipe_swarm/ros_ws/install/pipe_swarm/share/pipe_swarm/environment/pythonpath.dsv
[0.420s] -- Up-to-date symlink: /home/islam/source_code/pipe_swarm/ros_ws/install/pipe_swarm/local/lib/python3.10/dist-packages/pipe_swarm-0.0.0-py3.10.egg-info/PKG-INFO
[0.420s] -- Up-to-date symlink: /home/islam/source_code/pipe_swarm/ros_ws/install/pipe_swarm/local/lib/python3.10/dist-packages/pipe_swarm-0.0.0-py3.10.egg-info/SOURCES.txt
[0.420s] -- Up-to-date symlink: /home/islam/source_code/pipe_swarm/ros_ws/install/pipe_swarm/local/lib/python3.10/dist-packages/pipe_swarm-0.0.0-py3.10.egg-info/dependency_links.txt
[0.421s] -- Up-to-date symlink: /home/islam/source_code/pipe_swarm/ros_ws/install/pipe_swarm/local/lib/python3.10/dist-packages/pipe_swarm-0.0.0-py3.10.egg-info/top_level.txt
[0.422s] -- Up-to-date symlink: /home/islam/source_code/pipe_swarm/ros_ws/install/pipe_swarm/local/lib/python3.10/dist-packages/pipe_swarm/__init__.py
[0.422s] -- Up-to-date symlink: /home/islam/source_code/pipe_swarm/ros_ws/install/pipe_swarm/local/lib/python3.10/dist-packages/pipe_swarm/python_chatter.py
[0.424s] -- Up-to-date symlink: /home/islam/source_code/pipe_swarm/ros_ws/install/pipe_swarm/lib/pipe_swarm//python_listener.py
[0.425s] -- Up-to-date symlink: /home/islam/source_code/pipe_swarm/ros_ws/install/pipe_swarm/lib/pipe_swarm//python_talker.py
[0.427s] -- Up-to-date symlink: /home/islam/source_code/pipe_swarm/ros_ws/install/pipe_swarm/share/ament_index/resource_index/package_run_dependencies/pipe_swarm
[0.428s] -- Up-to-date symlink: /home/islam/source_code/pipe_swarm/ros_ws/install/pipe_swarm/share/ament_index/resource_index/parent_prefix_path/pipe_swarm
[0.428s] -- Up-to-date symlink: /home/islam/source_code/pipe_swarm/ros_ws/install/pipe_swarm/share/pipe_swarm/environment/ament_prefix_path.sh
[0.428s] -- Up-to-date symlink: /home/islam/source_code/pipe_swarm/ros_ws/install/pipe_swarm/share/pipe_swarm/environment/ament_prefix_path.dsv
[0.429s] -- Up-to-date symlink: /home/islam/source_code/pipe_swarm/ros_ws/install/pipe_swarm/share/pipe_swarm/environment/path.sh
[0.429s] -- Up-to-date symlink: /home/islam/source_code/pipe_swarm/ros_ws/install/pipe_swarm/share/pipe_swarm/environment/path.dsv
[0.430s] -- Up-to-date symlink: /home/islam/source_code/pipe_swarm/ros_ws/install/pipe_swarm/share/pipe_swarm/local_setup.bash
[0.430s] -- Up-to-date symlink: /home/islam/source_code/pipe_swarm/ros_ws/install/pipe_swarm/share/pipe_swarm/local_setup.sh
[0.431s] -- Up-to-date symlink: /home/islam/source_code/pipe_swarm/ros_ws/install/pipe_swarm/share/pipe_swarm/local_setup.zsh
[0.431s] -- Up-to-date symlink: /home/islam/source_code/pipe_swarm/ros_ws/install/pipe_swarm/share/pipe_swarm/local_setup.dsv
[0.432s] -- Symlinking: /home/islam/source_code/pipe_swarm/ros_ws/install/pipe_swarm/share/pipe_swarm/package.dsv
[0.440s] -- Up-to-date symlink: /home/islam/source_code/pipe_swarm/ros_ws/install/pipe_swarm/share/ament_index/resource_index/packages/pipe_swarm
[0.441s] -- Up-to-date symlink: /home/islam/source_code/pipe_swarm/ros_ws/install/pipe_swarm/share/pipe_swarm/cmake/pipe_swarmConfig.cmake
[0.441s] -- Up-to-date symlink: /home/islam/source_code/pipe_swarm/ros_ws/install/pipe_swarm/share/pipe_swarm/cmake/pipe_swarmConfig-version.cmake
[0.441s] -- Up-to-date symlink: /home/islam/source_code/pipe_swarm/ros_ws/install/pipe_swarm/share/pipe_swarm/package.xml
[0.469s] Listing '/home/islam/source_code/pipe_swarm/ros_ws/install/pipe_swarm/local/lib/python3.10/dist-packages/pipe_swarm'...
[0.477s] Invoked command in '/home/islam/source_code/pipe_swarm/ros_ws/build/pipe_swarm' returned '0': CMAKE_PREFIX_PATH=/opt/ros/humble /usr/bin/cmake --install /home/islam/source_code/pipe_swarm/ros_ws/build/pipe_swarm
