[0.233s] DEBUG:colcon:Command line arguments: ['/usr/bin/colcon', 'build']
[0.233s] DEBUG:colcon:Parsed command line arguments: Namespace(log_base=None, log_level=None, verb_name='build', build_base='build', install_base='install', merge_install=False, symlink_install=False, test_result_base=None, continue_on_error=False, executor='parallel', parallel_workers=8, event_handlers=None, ignore_user_meta=False, metas=['./colcon.meta'], base_paths=['.'], packages_ignore=None, packages_ignore_regex=None, paths=None, packages_up_to=None, packages_up_to_regex=None, packages_above=None, packages_above_and_dependencies=None, packages_above_depth=None, packages_select_by_dep=None, packages_skip_by_dep=None, packages_skip_up_to=None, packages_select_build_failed=False, packages_skip_build_finished=False, packages_select_test_failures=False, packages_skip_test_passed=False, packages_select=None, packages_skip=None, packages_select_regex=None, packages_skip_regex=None, packages_start=None, packages_end=None, allow_overriding=[], cmake_args=None, cmake_target=None, cmake_target_skip_unavailable=False, cmake_clean_cache=False, cmake_clean_first=False, cmake_force_configure=False, ament_cmake_args=None, catkin_cmake_args=None, catkin_skip_building_tests=False, verb_parser=<colcon_defaults.argument_parser.defaults.DefaultArgumentsDecorator object at 0x7f8435e580a0>, verb_extension=<colcon_core.verb.build.BuildVerb object at 0x7f8435fc8e80>, main=<bound method BuildVerb.main of <colcon_core.verb.build.BuildVerb object at 0x7f8435fc8e80>>)
[0.481s] Level 1:colcon.colcon_core.package_discovery:discover_packages(colcon_meta) check parameters
[0.481s] Level 1:colcon.colcon_core.package_discovery:discover_packages(recursive) check parameters
[0.481s] Level 1:colcon.colcon_core.package_discovery:discover_packages(ignore) check parameters
[0.481s] Level 1:colcon.colcon_core.package_discovery:discover_packages(path) check parameters
[0.481s] Level 1:colcon.colcon_core.package_discovery:discover_packages(colcon_meta) discover
[0.482s] Level 1:colcon.colcon_core.package_discovery:discover_packages(recursive) discover
[0.482s] INFO:colcon.colcon_core.package_discovery:Crawling recursively for packages in '/home/islam/source_code/pipe_swarm/ros_ws'
[0.482s] Level 1:colcon.colcon_core.package_identification:_identify(.) by extensions ['ignore', 'ignore_ament_install']
[0.482s] Level 1:colcon.colcon_core.package_identification:_identify(.) by extension 'ignore'
[0.482s] Level 1:colcon.colcon_core.package_identification:_identify(.) by extension 'ignore_ament_install'
[0.482s] Level 1:colcon.colcon_core.package_identification:_identify(.) by extensions ['colcon_pkg']
[0.482s] Level 1:colcon.colcon_core.package_identification:_identify(.) by extension 'colcon_pkg'
[0.482s] Level 1:colcon.colcon_core.package_identification:_identify(.) by extensions ['colcon_meta']
[0.482s] Level 1:colcon.colcon_core.package_identification:_identify(.) by extension 'colcon_meta'
[0.482s] Level 1:colcon.colcon_core.package_identification:_identify(.) by extensions ['ros']
[0.482s] Level 1:colcon.colcon_core.package_identification:_identify(.) by extension 'ros'
[0.495s] Level 1:colcon.colcon_core.package_identification:_identify(.) by extensions ['cmake', 'python']
[0.495s] Level 1:colcon.colcon_core.package_identification:_identify(.) by extension 'cmake'
[0.495s] Level 1:colcon.colcon_core.package_identification:_identify(.) by extension 'python'
[0.495s] Level 1:colcon.colcon_core.package_identification:_identify(.) by extensions ['python_setup_py']
[0.495s] Level 1:colcon.colcon_core.package_identification:_identify(.) by extension 'python_setup_py'
[0.495s] Level 1:colcon.colcon_core.package_identification:_identify(build) by extensions ['ignore', 'ignore_ament_install']
[0.495s] Level 1:colcon.colcon_core.package_identification:_identify(build) by extension 'ignore'
[0.495s] Level 1:colcon.colcon_core.package_identification:_identify(build) ignored
[0.495s] Level 1:colcon.colcon_core.package_identification:_identify(install) by extensions ['ignore', 'ignore_ament_install']
[0.496s] Level 1:colcon.colcon_core.package_identification:_identify(install) by extension 'ignore'
[0.496s] Level 1:colcon.colcon_core.package_identification:_identify(install) ignored
[0.496s] Level 1:colcon.colcon_core.package_identification:_identify(log) by extensions ['ignore', 'ignore_ament_install']
[0.496s] Level 1:colcon.colcon_core.package_identification:_identify(log) by extension 'ignore'
[0.496s] Level 1:colcon.colcon_core.package_identification:_identify(log) ignored
[0.496s] Level 1:colcon.colcon_core.package_identification:_identify(src) by extensions ['ignore', 'ignore_ament_install']
[0.496s] Level 1:colcon.colcon_core.package_identification:_identify(src) by extension 'ignore'
[0.496s] Level 1:colcon.colcon_core.package_identification:_identify(src) by extension 'ignore_ament_install'
[0.496s] Level 1:colcon.colcon_core.package_identification:_identify(src) by extensions ['colcon_pkg']
[0.496s] Level 1:colcon.colcon_core.package_identification:_identify(src) by extension 'colcon_pkg'
[0.496s] Level 1:colcon.colcon_core.package_identification:_identify(src) by extensions ['colcon_meta']
[0.496s] Level 1:colcon.colcon_core.package_identification:_identify(src) by extension 'colcon_meta'
[0.496s] Level 1:colcon.colcon_core.package_identification:_identify(src) by extensions ['ros']
[0.496s] Level 1:colcon.colcon_core.package_identification:_identify(src) by extension 'ros'
[0.496s] Level 1:colcon.colcon_core.package_identification:_identify(src) by extensions ['cmake', 'python']
[0.496s] Level 1:colcon.colcon_core.package_identification:_identify(src) by extension 'cmake'
[0.496s] Level 1:colcon.colcon_core.package_identification:_identify(src) by extension 'python'
[0.496s] Level 1:colcon.colcon_core.package_identification:_identify(src) by extensions ['python_setup_py']
[0.496s] Level 1:colcon.colcon_core.package_identification:_identify(src) by extension 'python_setup_py'
[0.496s] Level 1:colcon.colcon_core.package_identification:_identify(src/pipe_swarm) by extensions ['ignore', 'ignore_ament_install']
[0.496s] Level 1:colcon.colcon_core.package_identification:_identify(src/pipe_swarm) by extension 'ignore'
[0.496s] Level 1:colcon.colcon_core.package_identification:_identify(src/pipe_swarm) by extension 'ignore_ament_install'
[0.496s] Level 1:colcon.colcon_core.package_identification:_identify(src/pipe_swarm) by extensions ['colcon_pkg']
[0.496s] Level 1:colcon.colcon_core.package_identification:_identify(src/pipe_swarm) by extension 'colcon_pkg'
[0.497s] Level 1:colcon.colcon_core.package_identification:_identify(src/pipe_swarm) by extensions ['colcon_meta']
[0.497s] Level 1:colcon.colcon_core.package_identification:_identify(src/pipe_swarm) by extension 'colcon_meta'
[0.497s] Level 1:colcon.colcon_core.package_identification:_identify(src/pipe_swarm) by extensions ['ros']
[0.497s] Level 1:colcon.colcon_core.package_identification:_identify(src/pipe_swarm) by extension 'ros'
[0.499s] DEBUG:colcon.colcon_core.package_identification:Package 'src/pipe_swarm' with type 'ros.ament_cmake' and name 'pipe_swarm'
[0.499s] Level 1:colcon.colcon_core.package_discovery:discover_packages(recursive) using defaults
[0.499s] Level 1:colcon.colcon_core.package_discovery:discover_packages(ignore) discover
[0.499s] Level 1:colcon.colcon_core.package_discovery:discover_packages(ignore) using defaults
[0.499s] Level 1:colcon.colcon_core.package_discovery:discover_packages(path) discover
[0.499s] Level 1:colcon.colcon_core.package_discovery:discover_packages(path) using defaults
[0.529s] Level 1:colcon.colcon_core.package_discovery:discover_packages(prefix_path) check parameters
[0.529s] Level 1:colcon.colcon_core.package_discovery:discover_packages(prefix_path) discover
[0.531s] DEBUG:colcon.colcon_installed_package_information.package_discovery:Found 1 installed packages in /home/islam/source_code/pipe_swarm/ros_ws/install
[0.531s] DEBUG:colcon.colcon_installed_package_information.package_discovery:Found 2 installed packages in /home/islam/source_code/ros_ws/install
[0.532s] DEBUG:colcon.colcon_installed_package_information.package_discovery:Found 284 installed packages in /opt/ros/humble
[0.533s] Level 1:colcon.colcon_core.package_discovery:discover_packages(prefix_path) using defaults
[0.569s] Level 5:colcon.colcon_core.verb:set package 'pipe_swarm' build argument 'cmake_args' from command line to 'None'
[0.569s] Level 5:colcon.colcon_core.verb:set package 'pipe_swarm' build argument 'cmake_target' from command line to 'None'
[0.569s] Level 5:colcon.colcon_core.verb:set package 'pipe_swarm' build argument 'cmake_target_skip_unavailable' from command line to 'False'
[0.569s] Level 5:colcon.colcon_core.verb:set package 'pipe_swarm' build argument 'cmake_clean_cache' from command line to 'False'
[0.569s] Level 5:colcon.colcon_core.verb:set package 'pipe_swarm' build argument 'cmake_clean_first' from command line to 'False'
[0.569s] Level 5:colcon.colcon_core.verb:set package 'pipe_swarm' build argument 'cmake_force_configure' from command line to 'False'
[0.569s] Level 5:colcon.colcon_core.verb:set package 'pipe_swarm' build argument 'ament_cmake_args' from command line to 'None'
[0.569s] Level 5:colcon.colcon_core.verb:set package 'pipe_swarm' build argument 'catkin_cmake_args' from command line to 'None'
[0.569s] Level 5:colcon.colcon_core.verb:set package 'pipe_swarm' build argument 'catkin_skip_building_tests' from command line to 'False'
[0.569s] DEBUG:colcon.colcon_core.verb:Building package 'pipe_swarm' with the following arguments: {'ament_cmake_args': None, 'build_base': '/home/islam/source_code/pipe_swarm/ros_ws/build/pipe_swarm', 'catkin_cmake_args': None, 'catkin_skip_building_tests': False, 'cmake_args': None, 'cmake_clean_cache': False, 'cmake_clean_first': False, 'cmake_force_configure': False, 'cmake_target': None, 'cmake_target_skip_unavailable': False, 'install_base': '/home/islam/source_code/pipe_swarm/ros_ws/install/pipe_swarm', 'merge_install': False, 'path': '/home/islam/source_code/pipe_swarm/ros_ws/src/pipe_swarm', 'symlink_install': False, 'test_result_base': None}
[0.569s] INFO:colcon.colcon_core.executor:Executing jobs using 'parallel' executor
[0.571s] DEBUG:colcon.colcon_parallel_executor.executor.parallel:run_until_complete
[0.572s] INFO:colcon.colcon_ros.task.ament_cmake.build:Building ROS package in '/home/islam/source_code/pipe_swarm/ros_ws/src/pipe_swarm' with build type 'ament_cmake'
[0.572s] INFO:colcon.colcon_cmake.task.cmake.build:Building CMake package in '/home/islam/source_code/pipe_swarm/ros_ws/src/pipe_swarm'
[0.576s] INFO:colcon.colcon_core.plugin_system:Skipping extension 'colcon_core.shell.bat': Not used on non-Windows systems
[0.577s] INFO:colcon.colcon_core.shell:Skip shell extension 'powershell' for command environment: Not usable outside of PowerShell
[0.577s] DEBUG:colcon.colcon_core.shell:Skip shell extension 'dsv' for command environment
[0.591s] DEBUG:colcon.colcon_core.event_handler.log_command:Invoking command in '/home/islam/source_code/pipe_swarm/ros_ws/build/pipe_swarm': CMAKE_PREFIX_PATH=${CMAKE_PREFIX_PATH}:/home/islam/source_code/ros_ws/install/urdf_tutorial_r2d2:/opt/ros/humble /usr/bin/cmake --build /home/islam/source_code/pipe_swarm/ros_ws/build/pipe_swarm -- -j8 -l8
[17.522s] DEBUG:colcon.colcon_core.event_handler.log_command:Invoked command in '/home/islam/source_code/pipe_swarm/ros_ws/build/pipe_swarm' returned '0': CMAKE_PREFIX_PATH=${CMAKE_PREFIX_PATH}:/home/islam/source_code/ros_ws/install/urdf_tutorial_r2d2:/opt/ros/humble /usr/bin/cmake --build /home/islam/source_code/pipe_swarm/ros_ws/build/pipe_swarm -- -j8 -l8
[17.533s] DEBUG:colcon.colcon_core.event_handler.log_command:Invoking command in '/home/islam/source_code/pipe_swarm/ros_ws/build/pipe_swarm': CMAKE_PREFIX_PATH=${CMAKE_PREFIX_PATH}:/home/islam/source_code/ros_ws/install/urdf_tutorial_r2d2:/opt/ros/humble /usr/bin/cmake --install /home/islam/source_code/pipe_swarm/ros_ws/build/pipe_swarm
[17.613s] Level 1:colcon.colcon_core.environment:create_environment_scripts_only(pipe_swarm)
[17.614s] DEBUG:colcon.colcon_core.event_handler.log_command:Invoked command in '/home/islam/source_code/pipe_swarm/ros_ws/build/pipe_swarm' returned '0': CMAKE_PREFIX_PATH=${CMAKE_PREFIX_PATH}:/home/islam/source_code/ros_ws/install/urdf_tutorial_r2d2:/opt/ros/humble /usr/bin/cmake --install /home/islam/source_code/pipe_swarm/ros_ws/build/pipe_swarm
[17.616s] Level 1:colcon.colcon_core.environment:checking '/home/islam/source_code/pipe_swarm/ros_ws/install/pipe_swarm' for CMake module files
[17.617s] Level 1:colcon.colcon_core.environment:checking '/home/islam/source_code/pipe_swarm/ros_ws/install/pipe_swarm' for CMake config files
[17.617s] Level 1:colcon.colcon_core.shell:create_environment_hook('pipe_swarm', 'cmake_prefix_path')
[17.617s] INFO:colcon.colcon_core.shell:Creating environment hook '/home/islam/source_code/pipe_swarm/ros_ws/install/pipe_swarm/share/pipe_swarm/hook/cmake_prefix_path.ps1'
[17.618s] INFO:colcon.colcon_core.shell:Creating environment descriptor '/home/islam/source_code/pipe_swarm/ros_ws/install/pipe_swarm/share/pipe_swarm/hook/cmake_prefix_path.dsv'
[17.619s] INFO:colcon.colcon_core.shell:Creating environment hook '/home/islam/source_code/pipe_swarm/ros_ws/install/pipe_swarm/share/pipe_swarm/hook/cmake_prefix_path.sh'
[17.622s] Level 1:colcon.colcon_core.environment:checking '/home/islam/source_code/pipe_swarm/ros_ws/install/pipe_swarm/lib'
[17.623s] Level 1:colcon.colcon_core.environment:checking '/home/islam/source_code/pipe_swarm/ros_ws/install/pipe_swarm/bin'
[17.623s] Level 1:colcon.colcon_core.environment:checking '/home/islam/source_code/pipe_swarm/ros_ws/install/pipe_swarm/lib/pkgconfig/pipe_swarm.pc'
[17.623s] Level 1:colcon.colcon_core.environment:checking '/home/islam/source_code/pipe_swarm/ros_ws/install/pipe_swarm/lib/python3.10/site-packages'
[17.623s] Level 1:colcon.colcon_core.environment:checking '/home/islam/source_code/pipe_swarm/ros_ws/install/pipe_swarm/bin'
[17.624s] INFO:colcon.colcon_core.shell:Creating package script '/home/islam/source_code/pipe_swarm/ros_ws/install/pipe_swarm/share/pipe_swarm/package.ps1'
[17.624s] INFO:colcon.colcon_core.shell:Creating package descriptor '/home/islam/source_code/pipe_swarm/ros_ws/install/pipe_swarm/share/pipe_swarm/package.dsv'
[17.625s] INFO:colcon.colcon_core.shell:Creating package script '/home/islam/source_code/pipe_swarm/ros_ws/install/pipe_swarm/share/pipe_swarm/package.sh'
[17.627s] INFO:colcon.colcon_core.shell:Creating package script '/home/islam/source_code/pipe_swarm/ros_ws/install/pipe_swarm/share/pipe_swarm/package.bash'
[17.628s] INFO:colcon.colcon_core.shell:Creating package script '/home/islam/source_code/pipe_swarm/ros_ws/install/pipe_swarm/share/pipe_swarm/package.zsh'
[17.629s] Level 1:colcon.colcon_core.environment:create_file_with_runtime_dependencies(/home/islam/source_code/pipe_swarm/ros_ws/install/pipe_swarm/share/colcon-core/packages/pipe_swarm)
[17.630s] Level 1:colcon.colcon_core.environment:create_environment_scripts_only(pipe_swarm)
[17.630s] Level 1:colcon.colcon_core.environment:checking '/home/islam/source_code/pipe_swarm/ros_ws/install/pipe_swarm' for CMake module files
[17.631s] Level 1:colcon.colcon_core.environment:checking '/home/islam/source_code/pipe_swarm/ros_ws/install/pipe_swarm' for CMake config files
[17.631s] Level 1:colcon.colcon_core.shell:create_environment_hook('pipe_swarm', 'cmake_prefix_path')
[17.631s] INFO:colcon.colcon_core.shell:Creating environment hook '/home/islam/source_code/pipe_swarm/ros_ws/install/pipe_swarm/share/pipe_swarm/hook/cmake_prefix_path.ps1'
[17.632s] INFO:colcon.colcon_core.shell:Creating environment descriptor '/home/islam/source_code/pipe_swarm/ros_ws/install/pipe_swarm/share/pipe_swarm/hook/cmake_prefix_path.dsv'
[17.632s] INFO:colcon.colcon_core.shell:Creating environment hook '/home/islam/source_code/pipe_swarm/ros_ws/install/pipe_swarm/share/pipe_swarm/hook/cmake_prefix_path.sh'
[17.633s] Level 1:colcon.colcon_core.environment:checking '/home/islam/source_code/pipe_swarm/ros_ws/install/pipe_swarm/lib'
[17.633s] Level 1:colcon.colcon_core.environment:checking '/home/islam/source_code/pipe_swarm/ros_ws/install/pipe_swarm/bin'
[17.633s] Level 1:colcon.colcon_core.environment:checking '/home/islam/source_code/pipe_swarm/ros_ws/install/pipe_swarm/lib/pkgconfig/pipe_swarm.pc'
[17.633s] Level 1:colcon.colcon_core.environment:checking '/home/islam/source_code/pipe_swarm/ros_ws/install/pipe_swarm/lib/python3.10/site-packages'
[17.633s] Level 1:colcon.colcon_core.environment:checking '/home/islam/source_code/pipe_swarm/ros_ws/install/pipe_swarm/bin'
[17.634s] INFO:colcon.colcon_core.shell:Creating package script '/home/islam/source_code/pipe_swarm/ros_ws/install/pipe_swarm/share/pipe_swarm/package.ps1'
[17.635s] INFO:colcon.colcon_core.shell:Creating package descriptor '/home/islam/source_code/pipe_swarm/ros_ws/install/pipe_swarm/share/pipe_swarm/package.dsv'
[17.636s] INFO:colcon.colcon_core.shell:Creating package script '/home/islam/source_code/pipe_swarm/ros_ws/install/pipe_swarm/share/pipe_swarm/package.sh'
[17.637s] INFO:colcon.colcon_core.shell:Creating package script '/home/islam/source_code/pipe_swarm/ros_ws/install/pipe_swarm/share/pipe_swarm/package.bash'
[17.638s] INFO:colcon.colcon_core.shell:Creating package script '/home/islam/source_code/pipe_swarm/ros_ws/install/pipe_swarm/share/pipe_swarm/package.zsh'
[17.639s] Level 1:colcon.colcon_core.environment:create_file_with_runtime_dependencies(/home/islam/source_code/pipe_swarm/ros_ws/install/pipe_swarm/share/colcon-core/packages/pipe_swarm)
[17.639s] DEBUG:colcon.colcon_parallel_executor.executor.parallel:closing loop
[17.641s] DEBUG:colcon.colcon_parallel_executor.executor.parallel:loop closed
[17.641s] DEBUG:colcon.colcon_parallel_executor.executor.parallel:run_until_complete finished with '0'
[17.641s] DEBUG:colcon.colcon_core.event_reactor:joining thread
[17.722s] INFO:colcon.colcon_core.plugin_system:Skipping extension 'colcon_notification.desktop_notification.notify_send': Could not find 'notify-send'
[17.722s] INFO:colcon.colcon_core.plugin_system:Skipping extension 'colcon_notification.desktop_notification.terminal_notifier': Not used on non-Darwin systems
[17.723s] INFO:colcon.colcon_core.plugin_system:Skipping extension 'colcon_notification.desktop_notification.win32': Not used on non-Windows systems
[17.723s] INFO:colcon.colcon_notification.desktop_notification:Sending desktop notification using 'notify2'
[17.724s] DEBUG:colcon.colcon_notification.desktop_notification.notify2:Failed to initialize notify2: org.freedesktop.DBus.Error.ServiceUnknown: The name org.freedesktop.Notifications was not provided by any .service files
[17.724s] DEBUG:colcon.colcon_core.event_reactor:joined thread
[17.724s] INFO:colcon.colcon_core.shell:Creating prefix script '/home/islam/source_code/pipe_swarm/ros_ws/install/local_setup.ps1'
[17.725s] INFO:colcon.colcon_core.shell:Creating prefix util module '/home/islam/source_code/pipe_swarm/ros_ws/install/_local_setup_util_ps1.py'
[17.727s] INFO:colcon.colcon_core.shell:Creating prefix chain script '/home/islam/source_code/pipe_swarm/ros_ws/install/setup.ps1'
[17.730s] INFO:colcon.colcon_core.shell:Creating prefix script '/home/islam/source_code/pipe_swarm/ros_ws/install/local_setup.sh'
[17.731s] INFO:colcon.colcon_core.shell:Creating prefix util module '/home/islam/source_code/pipe_swarm/ros_ws/install/_local_setup_util_sh.py'
[17.731s] INFO:colcon.colcon_core.shell:Creating prefix chain script '/home/islam/source_code/pipe_swarm/ros_ws/install/setup.sh'
[17.732s] INFO:colcon.colcon_core.shell:Creating prefix script '/home/islam/source_code/pipe_swarm/ros_ws/install/local_setup.bash'
[17.733s] INFO:colcon.colcon_core.shell:Creating prefix chain script '/home/islam/source_code/pipe_swarm/ros_ws/install/setup.bash'
[17.734s] INFO:colcon.colcon_core.shell:Creating prefix script '/home/islam/source_code/pipe_swarm/ros_ws/install/local_setup.zsh'
[17.734s] INFO:colcon.colcon_core.shell:Creating prefix chain script '/home/islam/source_code/pipe_swarm/ros_ws/install/setup.zsh'
