[0.018s] Invoking command in '/home/islam/source_code/pipe_swarm/ros_ws/build/pipe_swarm': CMAKE_PREFIX_PATH=${CMAKE_PREFIX_PATH}:/home/islam/source_code/ros_ws/install/urdf_tutorial_r2d2:/opt/ros/humble /usr/bin/cmake --build /home/islam/source_code/pipe_swarm/ros_ws/build/pipe_swarm -- -j8 -l8
[0.042s] -- Found ament_cmake: 1.3.10 (/opt/ros/humble/share/ament_cmake/cmake)
[0.156s] -- Override CMake install command with custom implementation using symlinks instead of copying resources
[0.163s] -- Found rclpy: 3.3.14 (/opt/ros/humble/share/rclpy/cmake)
[0.163s] -- Found rclcpp: 16.0.10 (/opt/ros/humble/share/rclcpp/cmake)
[0.598s] -- Found rosidl_generator_c: 3.1.5 (/opt/ros/humble/share/rosidl_generator_c/cmake)
[0.600s] -- Found rosidl_adapter: 3.1.5 (/opt/ros/humble/share/rosidl_adapter/cmake)
[0.607s] -- Found rosidl_generator_cpp: 3.1.5 (/opt/ros/humble/share/rosidl_generator_cpp/cmake)
[0.619s] -- Using all available rosidl_typesupport_c: rosidl_typesupport_fastrtps_c;rosidl_typesupport_introspection_c
[0.636s] -- Using all available rosidl_typesupport_cpp: rosidl_typesupport_fastrtps_cpp;rosidl_typesupport_introspection_cpp
[0.668s] -- Found rmw_implementation_cmake: 6.1.2 (/opt/ros/humble/share/rmw_implementation_cmake/cmake)
[0.669s] -- Found rmw_fastrtps_cpp: 6.2.7 (/opt/ros/humble/share/rmw_fastrtps_cpp/cmake)
[17.079s] -- Using RMW implementation 'rmw_fastrtps_cpp' as default
[17.310s] -- Configuring done
[17.317s] -- Generating done
[17.322s] -- Build files have been written to: /home/islam/source_code/pipe_swarm/ros_ws/build/pipe_swarm
[17.367s] Built target ament_cmake_python_symlink_pipe_swarm
[17.615s] running egg_info
[17.616s] creating pipe_swarm.egg-info
[17.617s] writing pipe_swarm.egg-info/PKG-INFO
[17.617s] writing dependency_links to pipe_swarm.egg-info/dependency_links.txt
[17.617s] writing top-level names to pipe_swarm.egg-info/top_level.txt
[17.618s] writing manifest file 'pipe_swarm.egg-info/SOURCES.txt'
[17.620s] reading manifest file 'pipe_swarm.egg-info/SOURCES.txt'
[17.621s] writing manifest file 'pipe_swarm.egg-info/SOURCES.txt'
[17.648s] Built target ament_cmake_python_build_pipe_swarm_egg
[17.657s] Invoked command in '/home/islam/source_code/pipe_swarm/ros_ws/build/pipe_swarm' returned '0': CMAKE_PREFIX_PATH=${CMAKE_PREFIX_PATH}:/home/islam/source_code/ros_ws/install/urdf_tutorial_r2d2:/opt/ros/humble /usr/bin/cmake --build /home/islam/source_code/pipe_swarm/ros_ws/build/pipe_swarm -- -j8 -l8
[17.666s] Invoking command in '/home/islam/source_code/pipe_swarm/ros_ws/build/pipe_swarm': CMAKE_PREFIX_PATH=${CMAKE_PREFIX_PATH}:/home/islam/source_code/ros_ws/install/urdf_tutorial_r2d2:/opt/ros/humble /usr/bin/cmake --install /home/islam/source_code/pipe_swarm/ros_ws/build/pipe_swarm
[17.671s] -- Install configuration: ""
[17.672s] -- Execute custom install script
[17.672s] -- Symlinking: /home/islam/source_code/pipe_swarm/ros_ws/install/pipe_swarm/share/pipe_swarm/environment/pythonpath.sh
[17.679s] -- Symlinking: /home/islam/source_code/pipe_swarm/ros_ws/install/pipe_swarm/share/pipe_swarm/environment/pythonpath.dsv
[17.687s] -- Symlinking: /home/islam/source_code/pipe_swarm/ros_ws/install/pipe_swarm/local/lib/python3.10/dist-packages/pipe_swarm-0.0.0-py3.10.egg-info/PKG-INFO
[17.695s] -- Symlinking: /home/islam/source_code/pipe_swarm/ros_ws/install/pipe_swarm/local/lib/python3.10/dist-packages/pipe_swarm-0.0.0-py3.10.egg-info/SOURCES.txt
[17.703s] -- Symlinking: /home/islam/source_code/pipe_swarm/ros_ws/install/pipe_swarm/local/lib/python3.10/dist-packages/pipe_swarm-0.0.0-py3.10.egg-info/dependency_links.txt
[17.710s] -- Symlinking: /home/islam/source_code/pipe_swarm/ros_ws/install/pipe_swarm/local/lib/python3.10/dist-packages/pipe_swarm-0.0.0-py3.10.egg-info/top_level.txt
[17.718s] -- Symlinking: /home/islam/source_code/pipe_swarm/ros_ws/install/pipe_swarm/local/lib/python3.10/dist-packages/pipe_swarm/__init__.py
[17.724s] -- Symlinking: /home/islam/source_code/pipe_swarm/ros_ws/install/pipe_swarm/local/lib/python3.10/dist-packages/pipe_swarm/python_chatter.py
[17.731s] -- Symlinking: /home/islam/source_code/pipe_swarm/ros_ws/install/pipe_swarm/lib/pipe_swarm/python_listener.py
[17.739s] -- Symlinking: /home/islam/source_code/pipe_swarm/ros_ws/install/pipe_swarm/lib/pipe_swarm/python_talker.py
[17.747s] -- Symlinking: /home/islam/source_code/pipe_swarm/ros_ws/install/pipe_swarm/share/ament_index/resource_index/package_run_dependencies/pipe_swarm
[17.757s] -- Symlinking: /home/islam/source_code/pipe_swarm/ros_ws/install/pipe_swarm/share/ament_index/resource_index/parent_prefix_path/pipe_swarm
[17.764s] -- Symlinking: /home/islam/source_code/pipe_swarm/ros_ws/install/pipe_swarm/share/pipe_swarm/environment/ament_prefix_path.sh
[17.772s] -- Symlinking: /home/islam/source_code/pipe_swarm/ros_ws/install/pipe_swarm/share/pipe_swarm/environment/ament_prefix_path.dsv
[17.780s] -- Symlinking: /home/islam/source_code/pipe_swarm/ros_ws/install/pipe_swarm/share/pipe_swarm/environment/path.sh
[17.786s] -- Symlinking: /home/islam/source_code/pipe_swarm/ros_ws/install/pipe_swarm/share/pipe_swarm/environment/path.dsv
[17.798s] -- Symlinking: /home/islam/source_code/pipe_swarm/ros_ws/install/pipe_swarm/share/pipe_swarm/local_setup.bash
[17.804s] -- Symlinking: /home/islam/source_code/pipe_swarm/ros_ws/install/pipe_swarm/share/pipe_swarm/local_setup.sh
[17.811s] -- Symlinking: /home/islam/source_code/pipe_swarm/ros_ws/install/pipe_swarm/share/pipe_swarm/local_setup.zsh
[17.818s] -- Symlinking: /home/islam/source_code/pipe_swarm/ros_ws/install/pipe_swarm/share/pipe_swarm/local_setup.dsv
[17.825s] -- Symlinking: /home/islam/source_code/pipe_swarm/ros_ws/install/pipe_swarm/share/pipe_swarm/package.dsv
[17.832s] -- Symlinking: /home/islam/source_code/pipe_swarm/ros_ws/install/pipe_swarm/share/ament_index/resource_index/packages/pipe_swarm
[17.839s] -- Symlinking: /home/islam/source_code/pipe_swarm/ros_ws/install/pipe_swarm/share/pipe_swarm/cmake/pipe_swarmConfig.cmake
[17.845s] -- Symlinking: /home/islam/source_code/pipe_swarm/ros_ws/install/pipe_swarm/share/pipe_swarm/cmake/pipe_swarmConfig-version.cmake
[17.852s] -- Symlinking: /home/islam/source_code/pipe_swarm/ros_ws/install/pipe_swarm/share/pipe_swarm/package.xml
[17.885s] Listing '/home/islam/source_code/pipe_swarm/ros_ws/install/pipe_swarm/local/lib/python3.10/dist-packages/pipe_swarm'...
[17.885s] Compiling '/home/islam/source_code/pipe_swarm/ros_ws/install/pipe_swarm/local/lib/python3.10/dist-packages/pipe_swarm/__init__.py'...
[17.894s] Invoked command in '/home/islam/source_code/pipe_swarm/ros_ws/build/pipe_swarm' returned '0': CMAKE_PREFIX_PATH=${CMAKE_PREFIX_PATH}:/home/islam/source_code/ros_ws/install/urdf_tutorial_r2d2:/opt/ros/humble /usr/bin/cmake --install /home/islam/source_code/pipe_swarm/ros_ws/build/pipe_swarm
