[0.028s] Invoking command in '/home/islam/source_code/pipe_swarm/ros_ws/build/pipe_swarm': CMAKE_PREFIX_PATH=${CMAKE_PREFIX_PATH}:/home/islam/source_code/ros_ws/install/urdf_tutorial_r2d2:/opt/ros/humble /usr/bin/cmake --build /home/islam/source_code/pipe_swarm/ros_ws/build/pipe_swarm -- -j8 -l8
[0.063s] -- Found ament_cmake: 1.3.10 (/opt/ros/humble/share/ament_cmake/cmake)
[0.369s] -- Override CMake install command with custom implementation using symlinks instead of copying resources
[0.382s] -- Found rclpy: 3.3.14 (/opt/ros/humble/share/rclpy/cmake)
[0.382s] -- Found rclcpp: 16.0.10 (/opt/ros/humble/share/rclcpp/cmake)
[1.000s] -- Found rosidl_generator_c: 3.1.5 (/opt/ros/humble/share/rosidl_generator_c/cmake)
[1.004s] -- Found rosidl_adapter: 3.1.5 (/opt/ros/humble/share/rosidl_adapter/cmake)
[1.012s] -- Found rosidl_generator_cpp: 3.1.5 (/opt/ros/humble/share/rosidl_generator_cpp/cmake)
[1.026s] -- Using all available rosidl_typesupport_c: rosidl_typesupport_fastrtps_c;rosidl_typesupport_introspection_c
[1.042s] -- Using all available rosidl_typesupport_cpp: rosidl_typesupport_fastrtps_cpp;rosidl_typesupport_introspection_cpp
[1.083s] -- Found rmw_implementation_cmake: 6.1.2 (/opt/ros/humble/share/rmw_implementation_cmake/cmake)
[1.085s] -- Found rmw_fastrtps_cpp: 6.2.7 (/opt/ros/humble/share/rmw_fastrtps_cpp/cmake)
[19.392s] -- Using RMW implementation 'rmw_fastrtps_cpp' as default
[19.654s] -- Configuring done
[19.660s] -- Generating done
[19.663s] -- Build files have been written to: /home/islam/source_code/pipe_swarm/ros_ws/build/pipe_swarm
[19.703s] failed to create symbolic link '/home/islam/source_code/pipe_swarm/ros_ws/build/pipe_swarm/ament_cmake_python/pipe_swarm/pipe_swarm' because existing path cannot be removed: Is a directory
[19.704s] gmake[2]: *** [CMakeFiles/ament_cmake_python_symlink_pipe_swarm.dir/build.make:70: CMakeFiles/ament_cmake_python_symlink_pipe_swarm] Error 1
[19.705s] gmake[1]: *** [CMakeFiles/Makefile2:138: CMakeFiles/ament_cmake_python_symlink_pipe_swarm.dir/all] Error 2
[19.705s] gmake: *** [Makefile:146: all] Error 2
[19.709s] Invoked command in '/home/islam/source_code/pipe_swarm/ros_ws/build/pipe_swarm' returned '2': CMAKE_PREFIX_PATH=${CMAKE_PREFIX_PATH}:/home/islam/source_code/ros_ws/install/urdf_tutorial_r2d2:/opt/ros/humble /usr/bin/cmake --build /home/islam/source_code/pipe_swarm/ros_ws/build/pipe_swarm -- -j8 -l8
